Component: ARM Compiler 5.06 update 5 (build 528) Tool: armlink [4d35e2]

==============================================================================

Section Cross References

    system_stm32f10x.o(i.SetSysClock) refers to system_stm32f10x.o(i.SetSysClockTo72) for SetSysClockTo72
    system_stm32f10x.o(i.SystemCoreClockUpdate) refers to system_stm32f10x.o(.data) for SystemCoreClock
    system_stm32f10x.o(i.SystemInit) refers to system_stm32f10x.o(i.SetSysClock) for SetSysClock
    startup_stm32f10x_md.o(STACK) refers (Special) to heapauxi.o(.text) for __use_two_region_memory
    startup_stm32f10x_md.o(HEAP) refers (Special) to heapauxi.o(.text) for __use_two_region_memory
    startup_stm32f10x_md.o(RESET) refers (Special) to heapauxi.o(.text) for __use_two_region_memory
    startup_stm32f10x_md.o(RESET) refers to startup_stm32f10x_md.o(STACK) for __initial_sp
    startup_stm32f10x_md.o(RESET) refers to startup_stm32f10x_md.o(.text) for Reset_Handler
    startup_stm32f10x_md.o(RESET) refers to isr.o(i.EXTI0_IRQHandler) for EXTI0_IRQHandler
    startup_stm32f10x_md.o(RESET) refers to isr.o(i.EXTI1_IRQHandler) for EXTI1_IRQHandler
    startup_stm32f10x_md.o(RESET) refers to isr.o(i.EXTI2_IRQHandler) for EXTI2_IRQHandler
    startup_stm32f10x_md.o(RESET) refers to isr.o(i.EXTI3_IRQHandler) for EXTI3_IRQHandler
    startup_stm32f10x_md.o(RESET) refers to isr.o(i.EXTI4_IRQHandler) for EXTI4_IRQHandler
    startup_stm32f10x_md.o(RESET) refers to isr.o(i.EXTI9_5_IRQHandler) for EXTI9_5_IRQHandler
    startup_stm32f10x_md.o(RESET) refers to isr.o(i.TIM2_IRQHandler) for TIM2_IRQHandler
    startup_stm32f10x_md.o(RESET) refers to isr.o(i.TIM3_IRQHandler) for TIM3_IRQHandler
    startup_stm32f10x_md.o(RESET) refers to isr.o(i.TIM4_IRQHandler) for TIM4_IRQHandler
    startup_stm32f10x_md.o(RESET) refers to isr.o(i.USART1_IRQHandler) for USART1_IRQHandler
    startup_stm32f10x_md.o(RESET) refers to isr.o(i.USART2_IRQHandler) for USART2_IRQHandler
    startup_stm32f10x_md.o(RESET) refers to isr.o(i.USART3_IRQHandler) for USART3_IRQHandler
    startup_stm32f10x_md.o(.text) refers (Special) to heapauxi.o(.text) for __use_two_region_memory
    startup_stm32f10x_md.o(.text) refers to system_stm32f10x.o(i.SystemInit) for SystemInit
    startup_stm32f10x_md.o(.text) refers to __main.o(!!!main) for __main
    startup_stm32f10x_md.o(.text) refers to startup_stm32f10x_md.o(HEAP) for Heap_Mem
    startup_stm32f10x_md.o(.text) refers to startup_stm32f10x_md.o(STACK) for Stack_Mem
    ml_gpio.o(i.gpio_get) refers to ml_gpio.o(.data) for gpio_index
    ml_gpio.o(i.gpio_init) refers to ml_gpio.o(.data) for gpio_index
    ml_gpio.o(i.gpio_set) refers to ml_gpio.o(.data) for gpio_index
    ml_delay.o(i.delay_ms) refers to ml_delay.o(i.delay_us) for delay_us
    ml_delay.o(i.delay_s) refers to ml_delay.o(i.delay_ms) for delay_ms
    ml_nvic.o(i.NVIC_init) refers to ml_nvic.o(i.NVIC_Group_Config) for NVIC_Group_Config
    ml_pwm.o(i.pwm_init) refers to ml_pwm.o(i.pwm_pin_init) for pwm_pin_init
    ml_pwm.o(i.pwm_init) refers to ml_tim.o(.data) for tim_index
    ml_pwm.o(i.pwm_pin_init) refers to ml_gpio.o(i.gpio_init) for gpio_init
    ml_pwm.o(i.pwm_update) refers to fflt_clz.o(x$fpl$fflt) for __aeabi_i2f
    ml_pwm.o(i.pwm_update) refers to fflt_clz.o(x$fpl$ffltu) for __aeabi_ui2f
    ml_pwm.o(i.pwm_update) refers to fdiv.o(x$fpl$fdiv) for __aeabi_fdiv
    ml_pwm.o(i.pwm_update) refers to fmul.o(x$fpl$fmul) for __aeabi_fmul
    ml_pwm.o(i.pwm_update) refers to ffixu.o(x$fpl$ffixu) for __aeabi_f2uiz
    ml_pwm.o(i.pwm_update) refers to ml_tim.o(.data) for tim_index
    ml_tim.o(i.tim_interrupt_ms_init) refers to ml_nvic.o(i.NVIC_init) for NVIC_init
    ml_tim.o(i.tim_interrupt_ms_init) refers to ml_tim.o(.data) for tim_index
    ml_uart.o(i._sys_exit) refers (Special) to use_no_semi_2.o(.text) for __use_no_semihosting
    ml_uart.o(i.fputc) refers (Special) to use_no_semi_2.o(.text) for __use_no_semihosting
    ml_uart.o(i.uart_baud_config) refers (Special) to use_no_semi_2.o(.text) for __use_no_semihosting
    ml_uart.o(i.uart_baud_config) refers to dflt_clz.o(x$fpl$dfltu) for __aeabi_ui2d
    ml_uart.o(i.uart_baud_config) refers to dflt_clz.o(x$fpl$dflt) for __aeabi_i2d
    ml_uart.o(i.uart_baud_config) refers to dmul.o(x$fpl$dmul) for __aeabi_dmul
    ml_uart.o(i.uart_baud_config) refers to fflt_clz.o(x$fpl$fflt) for __aeabi_i2f
    ml_uart.o(i.uart_baud_config) refers to f2d.o(x$fpl$f2d) for __aeabi_f2d
    ml_uart.o(i.uart_baud_config) refers to ddiv.o(x$fpl$ddiv) for __aeabi_ddiv
    ml_uart.o(i.uart_baud_config) refers to daddsub_clz.o(x$fpl$dsub) for __aeabi_dsub
    ml_uart.o(i.uart_baud_config) refers to d2f.o(x$fpl$d2f) for __aeabi_d2f
    ml_uart.o(i.uart_baud_config) refers to fmul.o(x$fpl$fmul) for __aeabi_fmul
    ml_uart.o(i.uart_baud_config) refers to ffixu.o(x$fpl$ffixu) for __aeabi_f2uiz
    ml_uart.o(i.uart_baud_config) refers to ml_uart.o(.data) for uart_index
[...]
    ../clib/signal.c                         0x00000000   Number         0  defsig_pvfn_inner.o ABSOLUTE
    ../clib/signal.c                         0x00000000   Number         0  defsig_stak_inner.o ABSOLUTE
    ../clib/signal.c                         0x00000000   Number         0  defsig_other.o ABSOLUTE
    ../clib/signal.c                         0x00000000   Number         0  defsig_segv_inner.o ABSOLUTE
    ../clib/signal.c                         0x00000000   Number         0  defsig_rtmem_outer.o ABSOLUTE
    ../clib/signal.c                         0x00000000   Number         0  defsig_rtmem_formal.o ABSOLUTE
    ../clib/signal.c                         0x00000000   Number         0  __raise.o ABSOLUTE
    ../clib/signal.c                         0x00000000   Number         0  defsig_cppl_inner.o ABSOLUTE
    ../clib/signal.c                         0x00000000   Number         0  defsig_exit.o ABSOLUTE
    ../clib/signal.c                         0x00000000   Number         0  defsig_rtmem_inner.o ABSOLUTE
    ../clib/signal.c                         0x00000000   Number         0  defsig_general.o ABSOLUTE
    ../clib/signal.c                         0x00000000   Number         0  defsig_abrt_inner.o ABSOLUTE
    ../clib/signal.c                         0x00000000   Number         0  defsig_fpe_inner.o ABSOLUTE
    ../clib/signal.c                         0x00000000   Number         0  defsig_rtred_inner.o ABSOLUTE
    ../clib/signal.s                         0x00000000   Number         0  defsig.o ABSOLUTE
    ../clib/stdlib.c                         0x00000000   Number         0  exit.o ABSOLUTE
    ../fplib/d2f.s                           0x00000000   Number         0  d2f.o ABSOLUTE
    ../fplib/daddsub.s                       0x00000000   Number         0  daddsub_clz.o ABSOLUTE
    ../fplib/dcheck1.s                       0x00000000   Number         0  dcheck1.o ABSOLUTE
    ../fplib/dcmpi.s                         0x00000000   Number         0  dcmpi.o ABSOLUTE
    ../fplib/ddiv.s                          0x00000000   Number         0  ddiv.o ABSOLUTE
    ../fplib/deqf.s                          0x00000000   Number         0  deqf.o ABSOLUTE
    ../fplib/dfix.s                          0x00000000   Number         0  dfix.o ABSOLUTE
    ../fplib/dflt.s                          0x00000000   Number         0  dflt_clz.o ABSOLUTE
    ../fplib/dleqf.s                         0x00000000   Number         0  dleqf.o ABSOLUTE
    ../fplib/dmul.s                          0x00000000   Number         0  dmul.o ABSOLUTE
    ../fplib/dnaninf.s                       0x00000000   Number         0  dnaninf.o ABSOLUTE
    ../fplib/dretinf.s                       0x00000000   Number         0  dretinf.o ABSOLUTE
    ../fplib/drleqf.s                        0x00000000   Number         0  drleqf.o ABSOLUTE
    ../fplib/dsqrt.s                         0x00000000   Number         0  dsqrt_noumaal.o ABSOLUTE
    ../fplib/f2d.s                           0x00000000   Number         0  f2d.o ABSOLUTE
    ../fplib/faddsub.s                       0x00000000   Number         0  faddsub_clz.o ABSOLUTE
    ../fplib/fcmpi.s                         0x00000000   Number         0  fcmpi.o ABSOLUTE
    ../fplib/fdiv.s                          0x00000000   Number         0  fdiv.o ABSOLUTE
    ../fplib/feqf.s                          0x00000000   Number         0  feqf.o ABSOLUTE
    ../fplib/ffix.s                          0x00000000   Number         0  ffix.o ABSOLUTE
    ../fplib/ffixu.s                         0x00000000   Number         0  ffixu.o ABSOLUTE
    ../fplib/fflt.s                          0x00000000   Number         0  fflt_clz.o ABSOLUTE
    ../fplib/fleqf.s                         0x00000000   Number         0  fleqf.o ABSOLUTE
    ../fplib/fmul.s                          0x00000000   Number         0  fmul.o ABSOLUTE
    ../fplib/fnaninf.s                       0x00000000   Number         0  fnaninf.o ABSOLUTE
    ../fplib/fpconst.s                       0x00000000   Number         0  fpconst.o ABSOLUTE
    ../fplib/fpinit.s                        0x00000000   Number         0  fpinit.o ABSOLUTE
    ../fplib/fretinf.s                       0x00000000   Number         0  fretinf.o ABSOLUTE
    ../fplib/frleqf.s                        0x00000000   Number         0  frleqf.o ABSOLUTE
    ../fplib/istatus.s                       0x00000000   Number         0  istatus.o ABSOLUTE
    ../fplib/retnan.s                        0x00000000   Number         0  retnan.o ABSOLUTE
    ../fplib/scalbn.s                        0x00000000   Number         0  scalbn.o ABSOLUTE
    ../fplib/scanf1.s                        0x00000000   Number         0  scanf1.o ABSOLUTE
    ../fplib/scanf2.s                        0x00000000   Number         0  scanf2.o ABSOLUTE
    ../fplib/scanf2a.s                       0x00000000   Number         0  scanf2a.o ABSOLUTE
    ../fplib/scanf2b.s                       0x00000000   Number         0  scanf2b.o ABSOLUTE
    ../fplib/trapv.s                         0x00000000   Number         0  trapv.o ABSOLUTE
    ../fplib/usenofp.s                       0x00000000   Number         0  usenofp.o ABSOLUTE
    ../mathlib/atof.c                        0x00000000   Number         0  atof.o ABSOLUTE
    ../mathlib/dunder.c                      0x00000000   Number         0  dunder.o ABSOLUTE
    ../mathlib/fpclassify.c                  0x00000000   Number         0  fpclassify.o ABSOLUTE
    ../mathlib/frexp.c                       0x00000000   Number         0  frexp.o ABSOLUTE
    ../mathlib/ldexp.c                       0x00000000   Number         0  ldexp_x.o ABSOLUTE
    ../mathlib/ldexp.c                       0x00000000   Number         0  ldexp.o ABSOLUTE
    ../mathlib/narrow.c                      0x00000000   Number         0  narrow.o ABSOLUTE
    ../mathlib/poly.c                        0x00000000   Number         0  poly.o ABSOLUTE
    ../mathlib/pow.c                         0x00000000   Number         0  pow_x.o ABSOLUTE
    ../mathlib/pow.c                         0x00000000   Number         0  pow.o ABSOLUTE
    ../mathlib/qnan.c                        0x00000000   Number         0  qnan.o ABSOLUTE
    ../mathlib/sqrt.c                        0x00000000   Number         0  sqrt_x.o ABSOLUTE
    ../mathlib/sqrt.c                        0x00000000   Number         0  sqrt.o ABSOLUTE
    ..\ML_LIBS\ml_adc.c                      0x00000000   Number         0  ml_adc.o ABSOLUTE
    ..\ML_LIBS\ml_delay.c                    0x00000000   Number         0  ml_delay.o ABSOLUTE
    ..\ML_LIBS\ml_exti.c                     0x00000000   Number         0  ml_exti.o ABSOLUTE
    ..\ML_LIBS\ml_gpio.c                     0x00000000   Number         0  ml_gpio.o ABSOLUTE
    ..\ML_LIBS\ml_nvic.c                     0x00000000   Number         0  ml_nvic.o ABSOLUTE
    ..\ML_LIBS\ml_pwm.c                      0x00000000   Number         0  ml_pwm.o ABSOLUTE
    ..\ML_LIBS\ml_tim.c                      0x00000000   Number         0  ml_tim.o ABSOLUTE
    ..\ML_LIBS\ml_uart.c                     0x00000000   Number         0  ml_uart.o ABSOLUTE
    ..\code\filter.c                         0x00000000   Number         0  filter.o ABSOLUTE
    ..\code\gray_track.c                     0x00000000   Number         0  gray_track.o ABSOLUTE
    ..\code\motor.c                          0x00000000   Number         0  motor.o ABSOLUTE
    ..\code\pid.c                            0x00000000   Number         0  pid.o ABSOLUTE
    ..\ml_libs\ml_hmc5883l.c                 0x00000000   Number         0  ml_hmc5883l.o ABSOLUTE
    ..\ml_libs\ml_i2c.c                      0x00000000   Number         0  ml_i2c.o ABSOLUTE
    ..\ml_libs\ml_mpu6050.c                  0x00000000   Number         0  ml_mpu6050.o ABSOLUTE
    ..\ml_libs\ml_oled.c                     0x00000000   Number         0  ml_oled.o ABSOLUTE
    ..\sys\startup_stm32f10x_md.s            0x00000000   Number         0  startup_stm32f10x_md.o ABSOLUTE
    ..\sys\system_stm32f10x.c                0x00000000   Number         0  system_stm32f10x.o ABSOLUTE
    dc.s                                     0x00000000   Number         0  dc.o ABSOLUTE
    isr.c                                    0x00000000   Number         0  isr.o ABSOLUTE
    main.c                                   0x00000000   Number         0  main.o ABSOLUTE
    RESET                                    0x08000000   Section      236  startup_stm32f10x_md.o(RESET)
    !!!main                                  0x080000ec   Section        8  __main.o(!!!main)
    !!!scatter                               0x080000f4   Section       52  __scatter.o(!!!scatter)
    !!handler_copy                           0x08000128   Section       26  __scatter_copy.o(!!handler_copy)
    !!handler_zi                             0x08000144   Section       28  __scatter_zi.o(!!handler_zi)
    .ARM.Collect$$libinit$$00000000          0x08000160   Section        2  libinit.o(.ARM.Collect$$libinit$$00000000)
    .ARM.Collect$$libinit$$00000002          0x08000162   Section        0  libinit2.o(.ARM.Collect$$libinit$$00000002)
    .ARM.Collect$$libinit$$00000004          0x08000162   Section        0  libinit2.o(.ARM.Collect$$libinit$$00000004)
    .ARM.Collect$$libinit$$0000000A          0x08000162   Section        0  libinit2.o(.ARM.Collect$$libinit$$0000000A)
    .ARM.Collect$$libinit$$0000000C          0x08000162   Section        0  libinit2.o(.ARM.Collect$$libinit$$0000000C)
    .ARM.Collect$$libinit$$0000000E          0x08000162   Section        0  libinit2.o(.ARM.Collect$$libinit$$0000000E)
    .ARM.Collect$$libinit$$0000000F          0x08000162   Section        6  libinit2.o(.ARM.Collect$$libinit$$0000000F)
    .ARM.Collect$$libinit$$00000011          0x08000168   Section        0  libinit2.o(.ARM.Collect$$libinit$$00000011)
    .ARM.Collect$$libinit$$00000012          0x08000168   Section       12  libinit2.o(.ARM.Collect$$libinit$$00000012)
    .ARM.Collect$$libinit$$00000013          0x08000174   Section        0  libinit2.o(.ARM.Collect$$libinit$$00000013)
    .ARM.Collect$$libinit$$00000015          0x08000174   Section        0  libinit2.o(.ARM.Collect$$libinit$$00000015)
    .ARM.Collect$$libinit$$00000016          0x08000174   Section       10  libinit2.o(.ARM.Collect$$libinit$$00000016)
    .ARM.Collect$$libinit$$00000017          0x0800017e   Section        0  libinit2.o(.ARM.Collect$$libinit$$00000017)
    .ARM.Collect$$libinit$$00000019          0x0800017e   Section        0  libinit2.o(.ARM.Collect$$libinit$$00000019)
    .ARM.Collect$$libinit$$0000001B          0x0800017e   Section        0  libinit2.o(.ARM.Collect$$libinit$$0000001B)
    .ARM.Collect$$libinit$$0000001D          0x0800017e   Section        0  libinit2.o(.ARM.Collect$$libinit$$0000001D)
    .ARM.Collect$$libinit$$0000001F          0x0800017e   Section        0  libinit2.o(.ARM.Collect$$libinit$$0000001F)
    .ARM.Collect$$libinit$$00000021          0x0800017e   Section        0  libinit2.o(.ARM.Collect$$libinit$$00000021)
    .ARM.Collect$$libinit$$00000023          0x0800017e   Section        0  libinit2.o(.ARM.Collect$$libinit$$00000023)
    .ARM.Collect$$libinit$$00000025          0x0800017e   Section        0  libinit2.o(.ARM.Collect$$libinit$$00000025)
    .ARM.Collect$$libinit$$0000002C          0x0800017e   Section        0  libinit2.o(.ARM.Collect$$libinit$$0000002C)
    .ARM.Collect$$libinit$$0000002E          0x0800017e   Section        0  libinit2.o(.ARM.Collect$$libinit$$0000002E)
    .ARM.Collect$$libinit$$00000030          0x0800017e   Section        0  libinit2.o(.ARM.Collect$$libinit$$00000030)
    .ARM.Collect$$libinit$$00000032          0x0800017e   Section        0  libinit2.o(.ARM.Collect$$libinit$$00000032)
    .ARM.Collect$$libinit$$00000033          0x0800017e   Section        2  libinit2.o(.ARM.Collect$$libinit$$00000033)
    .ARM.Collect$$libshutdown$$00000000      0x08000180   Section        2  libshutdown.o(.ARM.Collect$$libshutdown$$00000000)
    .ARM.Collect$$libshutdown$$00000002      0x08000182   Section        0  libshutdown2.o(.ARM.Collect$$libshutdown$$00000002)
    .ARM.Collect$$libshutdown$$00000004      0x08000182   Section        0  libshutdown2.o(.ARM.Collect$$libshutdown$$00000004)
    .ARM.Collect$$libshutdown$$00000007      0x08000182   Section        0  libshutdown2.o(.ARM.Collect$$libshutdown$$00000007)
    .ARM.Collect$$libshutdown$$0000000A      0x08000182   Section        0  libshutdown2.o(.ARM.Collect$$libshutdown$$0000000A)
    .ARM.Collect$$libshutdown$$0000000C      0x08000182   Section        0  libshutdown2.o(.ARM.Collect$$libshutdown$$0000000C)
    .ARM.Collect$$libshutdown$$0000000F      0x08000182   Section        0  libshutdown2.o(.ARM.Collect$$libshutdown$$0000000F)
    .ARM.Collect$$libshutdown$$00000010      0x08000182   Section        2  libshutdown2.o(.ARM.Collect$$libshutdown$$00000010)
    .ARM.Collect$$rtentry$$00000000          0x08000184   Section        0  __rtentry.o(.ARM.Collect$$rtentry$$00000000)
    .ARM.Collect$$rtentry$$00000002          0x08000184   Section        0  __rtentry2.o(.ARM.Collect$$rtentry$$00000002)
    .ARM.Collect$$rtentry$$00000004          0x08000184   Section        6  __rtentry4.o(.ARM.Collect$$rtentry$$00000004)
    .ARM.Collect$$rtentry$$00000009          0x0800018a   Section        0  __rtentry2.o(.ARM.Collect$$rtentry$$00000009)
    .ARM.Collect$$rtentry$$0000000A          0x0800018a   Section        4  __rtentry2.o(.ARM.Collect$$rtentry$$0000000A)
    .ARM.Collect$$rtentry$$0000000C          0x0800018e   Section        0  __rtentry2.o(.ARM.Collect$$rtentry$$0000000C)
    .ARM.Collect$$rtentry$$0000000D          0x0800018e   Section        8  __rtentry2.o(.ARM.Collect$$rtentry$$0000000D)
    .ARM.Collect$$rtexit$$00000000           0x08000196   Section        2  rtexit.o(.ARM.Collect$$rtexit$$00000000)
    .ARM.Collect$$rtexit$$00000002           0x08000198   Section        0  rtexit2.o(.ARM.Collect$$rtexit$$00000002)
    .ARM.Collect$$rtexit$$00000003           0x08000198   Section        4  rtexit2.o(.ARM.Collect$$rtexit$$00000003)
    .ARM.Collect$$rtexit$$00000004           0x0800019c   Section        6  rtexit2.o(.ARM.Collect$$rtexit$$00000004)
    .text                                    0x080001a4   Section       64  startup_stm32f10x_md.o(.text)
    .text                                    0x080001e4   Section        2  use_no_semi_2.o(.text)
    .text                                    0x080001e6   Section        0  heapauxi.o(.text)
    .text                                    0x080001ec   Section        2  use_no_semi.o(.text)
    .text                                    0x080001ee   Section        0  _rserrno.o(.text)
    .text                                    0x08000204   Section        0  strtod.o(.text)
    _local_sscanf                            0x08000205   Thumb Code    60  strtod.o(.text)
    .text                                    0x080002a8   Section        8  rt_errno_addr_intlibspace.o(.text)
    .text                                    0x080002b0   Section        0  isspace.o(.text)
    .text                                    0x080002c2   Section        0  _sgetc.o(.text)
    .text                                    0x08000304   Section        8  libspace.o(.text)
    .text                                    0x0800030c   Section       74  sys_stackheap_outer.o(.text)
    .text                                    0x08000358   Section       16  rt_ctype_table.o(.text)
    .text                                    0x08000368   Section        0  scanf_fp.o(.text)
    _fp_value                                0x08000369   Thumb Code   588  scanf_fp.o(.text)
    .text                                    0x08000860   Section        0  exit.o(.text)
    .text                                    0x08000874   Section      128  strcmpv7m.o(.text)
    .text                                    0x080008f4   Section        8  rt_locale_intlibspace.o(.text)
    .text                                    0x080008fc   Section        0  bigflt0.o(.text)
    .text                                    0x080009e0   Section        0  scanf_hexfp.o(.text)
    .text                                    0x08000d00   Section        0  scanf_infnan.o(.text)
    .text                                    0x08000e34   Section       38  llshl.o(.text)
    .text                                    0x08000e5a   Section        0  _chval.o(.text)
    CL$$btod_div_common                      0x08000e76   Section      824  btod.o(CL$$btod_div_common)
    CL$$btod_e2d                             0x080011b0   Section      132  btod.o(CL$$btod_e2d)
    CL$$btod_e2e                             0x08001234   Section      220  btod.o(CL$$btod_e2e)
    CL$$btod_ediv                            0x08001310   Section       42  btod.o(CL$$btod_ediv)
    CL$$btod_edivd                           0x0800133a   Section       42  btod.o(CL$$btod_edivd)
    CL$$btod_emul                            0x08001364   Section       42  btod.o(CL$$btod_emul)
    CL$$btod_emuld                           0x0800138e   Section       42  btod.o(CL$$btod_emuld)
    CL$$btod_mult_common                     0x080013b8   Section      580  btod.o(CL$$btod_mult_common)
    i.EXTI0_IRQHandler                       0x080015fc   Section        0  isr.o(i.EXTI0_IRQHandler)
    i.EXTI1_IRQHandler                       0x08001614   Section        0  isr.o(i.EXTI1_IRQHandler)
    i.EXTI2_IRQHandler                       0x0800162c   Section        0  isr.o(i.EXTI2_IRQHandler)
    i.EXTI3_IRQHandler                       0x08001668   Section        0  isr.o(i.EXTI3_IRQHandler)
    i.EXTI4_IRQHandler                       0x08001680   Section        0  isr.o(i.EXTI4_IRQHandler)
    i.EXTI9_5_IRQHandler                     0x080016bc   Section        0  isr.o(i.EXTI9_5_IRQHandler)
    i.I2C_Init                               0x08001718   Section        0  ml_i2c.o(i.I2C_Init)
    i.NVIC_Group_Config                      0x08001744   Section        0  ml_nvic.o(i.NVIC_Group_Config)
    i.NVIC_init                              0x0800176c   Section        0  ml_nvic.o(i.NVIC_init)
    i.OLED_Clear                             0x080017b8   Section        0  ml_oled.o(i.OLED_Clear)
    i.OLED_I2C_Init                          0x080017e2   Section        0  ml_oled.o(i.OLED_I2C_Init)
    i.OLED_I2C_SendByte                      0x0800180e   Section        0  ml_oled.o(i.OLED_I2C_SendByte)
    i.OLED_I2C_Start                         0x08001858   Section        0  ml_oled.o(i.OLED_I2C_Start)
    i.OLED_I2C_Stop                          0x08001884   Section        0  ml_oled.o(i.OLED_I2C_Stop)
    i.OLED_Init                              0x080018a6   Section        0  ml_oled.o(i.OLED_Init)
    i.OLED_SetCursor                         0x08001954   Section        0  ml_oled.o(i.OLED_SetCursor)
    i.OLED_WriteCommand                      0x08001976   Section        0  ml_oled.o(i.OLED_WriteCommand)
    i.OLED_WriteData                         0x08001996   Section        0  ml_oled.o(i.OLED_WriteData)
    i.SetSysClock                            0x080019b6   Section        0  system_stm32f10x.o(i.SetSysClock)
    SetSysClock                              0x080019b7   Thumb Code     8  system_stm32f10x.o(i.SetSysClock)
    i.SetSysClockTo72                        0x080019c0   Section        0  system_stm32f10x.o(i.SetSysClockTo72)
    SetSysClockTo72                          0x080019c1   Thumb Code   214  system_stm32f10x.o(i.SetSysClockTo72)
    i.SystemInit                             0x08001aa0   Section        0  system_stm32f10x.o(i.SystemInit)
    i.TIM2_IRQHandler                        0x08001b00   Section        0  isr.o(i.TIM2_IRQHandler)
    i.TIM3_IRQHandler                        0x08001b20   Section        0  isr.o(i.TIM3_IRQHandler)
    i.TIM4_IRQHandler                        0x08001b44   Section        0  isr.o(i.TIM4_IRQHandler)
    i.USART1_IRQHandler                      0x08001b60   Section        0  isr.o(i.USART1_IRQHandler)
    i.USART2_IRQHandler                      0x08001c04   Section        0  isr.o(i.USART2_IRQHandler)
    i.USART3_IRQHandler                      0x08001c20   Section        0  isr.o(i.USART3_IRQHandler)
    i.__mathlib_dbl_overflow                 0x08001c3c   Section        0  dunder.o(i.__mathlib_dbl_overflow)
    i.__mathlib_dbl_underflow                0x08001c4c   Section        0  dunder.o(i.__mathlib_dbl_underflow)
    i.__mathlib_narrow                       0x08001c5c   Section        0  narrow.o(i.__mathlib_narrow)
    i.__mathlib_tofloat                      0x08001c6c   Section        0  narrow.o(i.__mathlib_tofloat)
    i.__support_ldexp                        0x08001d28   Section        0  ldexp.o(i.__support_ldexp)
    i._is_digit                              0x08001d3e   Section        0  scanf_fp.o(i._is_digit)
    i._sys_exit                              0x08001d4c   Section        0  ml_uart.o(i._sys_exit)
    i.atof                                   0x08001d50   Section        0  atof.o(i.atof)
    i.delay_ms                               0x08001d7a   Section        0  ml_delay.o(i.delay_ms)
    i.delay_us                               0x08001d92   Section        0  ml_delay.o(i.delay_us)
    i.encoder_init                           0x08001dc0   Section        0  motor.o(i.encoder_init)
    i.exti_init                              0x08001dec   Section        0  ml_exti.o(i.exti_init)
    i.exti_pin_init                          0x08001ef8   Section        0  ml_exti.o(i.exti_pin_init)
    i.frexp                                  0x08002040   Section        0  frexp.o(i.frexp)
    i.gpio_get                               0x08002098   Section        0  ml_gpio.o(i.gpio_get)
    i.gpio_init                              0x080020bc   Section        0  ml_gpio.o(i.gpio_init)
    i.gpio_set                               0x08002260   Section        0  ml_gpio.o(i.gpio_set)
    i.ldexp                                  0x080022a0   Section        0  ldexp.o(i.ldexp)
    i.main                                   0x08002314   Section        0  main.o(i.main)
    i.motorA_duty                            0x080023b8   Section        0  motor.o(i.motorA_duty)
    i.motorB_duty                            0x080023f0   Section        0  motor.o(i.motorB_duty)
    i.motor_init                             0x08002428   Section        0  motor.o(i.motor_init)
    i.pid_cal_pos                            0x0800246c   Section        0  pid.o(i.pid_cal_pos)
    i.pid_control                            0x08002518   Section        0  pid.o(i.pid_control)
    i.pid_init                               0x08002580   Section        0  pid.o(i.pid_init)
    i.pwm_init                               0x08002590   Section        0  ml_pwm.o(i.pwm_init)
    i.pwm_pin_init                           0x08002700   Section        0  ml_pwm.o(i.pwm_pin_init)
    i.pwm_update                             0x080027ac   Section        0  ml_pwm.o(i.pwm_update)
    i.sign                                   0x080028c0   Section        0  pid.o(i.sign)
    i.tim_interrupt_ms_init                  0x080028ec   Section        0  ml_tim.o(i.tim_interrupt_ms_init)
    i.track                                  0x0800295c   Section        0  gray_track.o(i.track)
    i.uart_baud_config                       0x080029c8   Section        0  ml_uart.o(i.uart_baud_config)
    i.uart_getbyte                           0x08002a68   Section        0  ml_uart.o(i.uart_getbyte)
    i.uart_init                              0x08002a7c   Section        0  ml_uart.o(i.uart_init)
    i.uart_pin_init                          0x08002ae0   Section        0  ml_uart.o(i.uart_pin_init)
    locale$$code                             0x08002b38   Section       44  lc_numeric_c.o(locale$$code)
    locale$$code                             0x08002b64   Section       44  lc_ctype_c.o(locale$$code)
    x$fpl$d2f                                0x08002b90   Section       98  d2f.o(x$fpl$d2f)
    x$fpl$dadd                               0x08002bf4   Section      336  daddsub_clz.o(x$fpl$dadd)
    _dadd1                                   0x08002c05   Thumb Code     0  daddsub_clz.o(x$fpl$dadd)
    x$fpl$dcheck1                            0x08002d44   Section       16  dcheck1.o(x$fpl$dcheck1)
    x$fpl$dcmpinf                            0x08002d54   Section       24  dcmpi.o(x$fpl$dcmpinf)
    x$fpl$ddiv                               0x08002d6c   Section      688  ddiv.o(x$fpl$ddiv)
    ddiv_entry                               0x08002d73   Thumb Code     0  ddiv.o(x$fpl$ddiv)
    x$fpl$deqf                               0x0800301c   Section      120  deqf.o(x$fpl$deqf)
    x$fpl$dflt                               0x08003094   Section       46  dflt_clz.o(x$fpl$dflt)
    x$fpl$dfltu                              0x080030c2   Section       38  dflt_clz.o(x$fpl$dfltu)
    x$fpl$dleqf                              0x080030e8   Section      120  dleqf.o(x$fpl$dleqf)
    x$fpl$dmul                               0x08003160   Section      340  dmul.o(x$fpl$dmul)
    x$fpl$dnaninf                            0x080032b4   Section      156  dnaninf.o(x$fpl$dnaninf)
    x$fpl$dretinf                            0x08003350   Section       12  dretinf.o(x$fpl$dretinf)
    x$fpl$drleqf                             0x0800335c   Section      108  drleqf.o(x$fpl$drleqf)
    x$fpl$dsub                               0x080033c8   Section      468  daddsub_clz.o(x$fpl$dsub)
    _dsub1                                   0x080033d9   Thumb Code     0  daddsub_clz.o(x$fpl$dsub)
    x$fpl$f2d                                0x0800359c   Section       86  f2d.o(x$fpl$f2d)
    x$fpl$fadd                               0x080035f4   Section      196  faddsub_clz.o(x$fpl$fadd)
    _fadd1                                   0x08003603   Thumb Code     0  faddsub_clz.o(x$fpl$fadd)
    x$fpl$fcmpinf                            0x080036b8   Section       24  fcmpi.o(x$fpl$fcmpinf)
    x$fpl$fdiv                               0x080036d0   Section      388  fdiv.o(x$fpl$fdiv)
    _fdiv1                                   0x080036d1   Thumb Code     0  fdiv.o(x$fpl$fdiv)
    x$fpl$feqf                               0x08003854   Section      104  feqf.o(x$fpl$feqf)
    x$fpl$ffix                               0x080038bc   Section       54  ffix.o(x$fpl$ffix)
    x$fpl$ffixu                              0x080038f4   Section       62  ffixu.o(x$fpl$ffixu)
    x$fpl$fflt                               0x08003934   Section       48  fflt_clz.o(x$fpl$fflt)
    x$fpl$ffltu                              0x08003964   Section       38  fflt_clz.o(x$fpl$ffltu)
    x$fpl$fleqf                              0x0800398c   Section      104  fleqf.o(x$fpl$fleqf)
    x$fpl$fmul                               0x080039f4   Section      258  fmul.o(x$fpl$fmul)
    x$fpl$fnaninf                            0x08003af6   Section      140  fnaninf.o(x$fpl$fnaninf)
    x$fpl$fretinf                            0x08003b82   Section       10  fretinf.o(x$fpl$fretinf)
    x$fpl$frleqf                             0x08003b8c   Section       98  frleqf.o(x$fpl$frleqf)
    x$fpl$frsb                               0x08003bee   Section       20  faddsub_clz.o(x$fpl$frsb)
    x$fpl$fsub                               0x08003c04   Section      234  faddsub_clz.o(x$fpl$fsub)
    _fsub1                                   0x08003c13   Thumb Code     0  faddsub_clz.o(x$fpl$fsub)
    x$fpl$ieeestatus                         0x08003cee   Section        6  istatus.o(x$fpl$ieeestatus)
    x$fpl$retnan                             0x08003cf4   Section      100  retnan.o(x$fpl$retnan)
    x$fpl$scalbn                             0x08003d58   Section       92  scalbn.o(x$fpl$scalbn)
    x$fpl$scanf1                             0x08003db4   Section        4  scanf1.o(x$fpl$scanf1)
    x$fpl$scanf2                             0x08003db8   Section        8  scanf2.o(x$fpl$scanf2)
    x$fpl$trapveneer                         0x08003dc0   Section       48  trapv.o(x$fpl$trapveneer)
    .constdata                               0x08003df0   Section      148  bigflt0.o(.constdata)
    x$fpl$usenofp                            0x08003df0   Section        0  usenofp.o(x$fpl$usenofp)
    tenpwrs_x                                0x08003df0   Data          60  bigflt0.o(.constdata)
    tenpwrs_i                                0x08003e2c   Data          64  bigflt0.o(.constdata)
    c$$dinf                                  0x08003ea4   Section        8  fpconst.o(c$$dinf)
    c$$dmax                                  0x08003eac   Section        8  fpconst.o(c$$dmax)
    locale$$data                             0x08003eb4   Section       28  lc_numeric_c.o(locale$$data)
    __lcnum_c_name                           0x08003eb8   Data           2  lc_numeric_c.o(locale$$data)
    __lcnum_c_start                          0x08003ec0   Data           0  lc_numeric_c.o(locale$$data)
    __lcnum_c_point                          0x08003ecc   Data           0  lc_numeric_c.o(locale$$data)
    __lcnum_c_thousands                      0x08003ece   Data           0  lc_numeric_c.o(locale$$data)
    __lcnum_c_grouping                       0x08003ecf   Data           0  lc_numeric_c.o(locale$$data)
    locale$$data                             0x08003ed0   Section      272  lc_ctype_c.o(locale$$data)
    __lcnum_c_end                            0x08003ed0   Data           0  lc_numeric_c.o(locale$$data)
    __lcctype_c_name                         0x08003ed4   Data           2  lc_ctype_c.o(locale$$data)
    __lcctype_c_start                        0x08003edc   Data           0  lc_ctype_c.o(locale$$data)
    __lcctype_c_end                          0x08003fe0   Data           0  lc_ctype_c.o(locale$$data)
    .data                                    0x20000000   Section       12  ml_gpio.o(.data)
    .data                                    0x2000000c   Section       12  ml_tim.o(.data)
    .data                                    0x20000018   Section       16  ml_uart.o(.data)
    .data                                    0x20000028   Section       16  motor.o(.data)
    .data                                    0x20000038   Section        3  isr.o(.data)
    RxState                                  0x20000039   Data           1  isr.o(.data)
    pRxPacket                                0x2000003a   Data           1  isr.o(.data)
    .bss                                     0x2000003c   Section      256  pid.o(.bss)
    .bss                                     0x2000013c   Section      100  isr.o(.bss)
    .bss                                     0x200001a0   Section       96  libspace.o(.bss)
    HEAP                                     0x20000200   Section      512  startup_stm32f10x_md.o(HEAP)
    Heap_Mem                                 0x20000200   Data         512  startup_stm32f10x_md.o(HEAP)
    STACK                                    0x20000400   Section     1024  startup_stm32f10x_md.o(STACK)
    Stack_Mem                                0x20000400   Data        1024  startup_stm32f10x_md.o(STACK)
    __initial_sp                             0x20000800   Data           0  startup_stm32f10x_md.o(STACK)

    Global Symbols

    Symbol Name                              Value     Ov Type        Size  Object(Section)

    BuildAttributes$$THM_ISAv4$P$D$K$B$S$PE$A:L22UL41UL21$X:L11$S22US41US21$IEEE1$IW$USESV6$~STKCKD$USESV7$~SHL$OTIME$ROPI$IEEEX$EBA8$UX$STANDARDLIB$REQ8$PRES8$EABIv2 0x00000000   Number         0  anon$$obj.o ABSOLUTE
    __ARM_use_no_argv                        0x00000000   Number         0  main.o ABSOLUTE
    __ARM_exceptions_init                     - Undefined Weak Reference
    __alloca_initialize                       - Undefined Weak Reference
    __arm_preinit_                            - Undefined Weak Reference
    __cpp_initialize__aeabi_                  - Undefined Weak Reference
    __cxa_finalize                            - Undefined Weak Reference
    __sigvec_lookup                           - Undefined Weak Reference
    _atexit_init                              - Undefined Weak Reference
    _call_atexit_fns                          - Undefined Weak Reference
    _clock_init                               - Undefined Weak Reference
    _fp_trap_init                             - Undefined Weak Reference
    _fp_trap_shutdown                         - Undefined Weak Reference
    _get_lc_collate                           - Undefined Weak Reference
    _get_lc_monetary                          - Undefined Weak Reference
    _get_lc_time                              - Undefined Weak Reference
    _getenv_init                              - Undefined Weak Reference
    _handle_redirection                       - Undefined Weak Reference
    _init_alloc                               - Undefined Weak Reference
    _init_user_alloc                          - Undefined Weak Reference
    _initio                                   - Undefined Weak Reference
    _rand_init                                - Undefined Weak Reference
    _signal_finish                            - Undefined Weak Reference
    _signal_init                              - Undefined Weak Reference
    _terminate_alloc                          - Undefined Weak Reference
    _terminate_user_alloc                     - Undefined Weak Reference
    _terminateio                              - Undefined Weak Reference
    __Vectors_Size                           0x000000ec   Number         0  startup_stm32f10x_md.o ABSOLUTE
    __Vectors                                0x08000000   Data           4  startup_stm32f10x_md.o(RESET)
    __Vectors_End                            0x080000ec   Data           0  startup_stm32f10x_md.o(RESET)
    __main                                   0x080000ed   Thumb Code     8  __main.o(!!!main)
    __scatterload                            0x080000f5   Thumb Code     0  __scatter.o(!!!scatter)
    __scatterload_rt2                        0x080000f5   Thumb Code    44  __scatter.o(!!!scatter)
    __scatterload_rt2_thumb_only             0x080000f5   Thumb Code     0  __scatter.o(!!!scatter)
    __scatterload_null                       0x08000103   Thumb Code     0  __scatter.o(!!!scatter)
    __scatterload_copy                       0x08000129   Thumb Code    26  __scatter_copy.o(!!handler_copy)
    __scatterload_zeroinit                   0x08000145   Thumb Code    28  __scatter_zi.o(!!handler_zi)
    __rt_lib_init                            0x08000161   Thumb Code     0  libinit.o(.ARM.Collect$$libinit$$00000000)
    __rt_lib_init_fp_1                       0x08000163   Thumb Code     0  libinit2.o(.ARM.Collect$$libinit$$00000002)
    __rt_lib_init_heap_1                     0x08000163   Thumb Code     0  libinit2.o(.ARM.Collect$$libinit$$0000000A)
    __rt_lib_init_lc_common                  0x08000163   Thumb Code     0  libinit2.o(.ARM.Collect$$libinit$$0000000F)
    __rt_lib_init_preinit_1                  0x08000163   Thumb Code     0  libinit2.o(.ARM.Collect$$libinit$$00000004)
    __rt_lib_init_rand_1                     0x08000163   Thumb Code     0  libinit2.o(.ARM.Collect$$libinit$$0000000E)
    __rt_lib_init_user_alloc_1               0x08000163   Thumb Code     0  libinit2.o(.ARM.Collect$$libinit$$0000000C)
    __rt_lib_init_lc_collate_1               0x08000169   Thumb Code     0  libinit2.o(.ARM.Collect$$libinit$$00000011)
    __rt_lib_init_lc_ctype_2                 0x08000169   Thumb Code     0  libinit2.o(.ARM.Collect$$libinit$$00000012)
    __rt_lib_init_lc_ctype_1                 0x08000175   Thumb Code     0  libinit2.o(.ARM.Collect$$libinit$$00000013)
    __rt_lib_init_lc_monetary_1              0x08000175   Thumb Code     0  libinit2.o(.ARM.Collect$$libinit$$00000015)
    __rt_lib_init_lc_numeric_2               0x08000175   Thumb Code     0  libinit2.o(.ARM.Collect$$libinit$$00000016)
    __rt_lib_init_alloca_1                   0x0800017f   Thumb Code     0  libinit2.o(.ARM.Collect$$libinit$$0000002E)
    __rt_lib_init_argv_1                     0x0800017f   Thumb Code     0  libinit2.o(.ARM.Collect$$libinit$$0000002C)
    __rt_lib_init_atexit_1                   0x0800017f   Thumb Code     0  libinit2.o(.ARM.Collect$$libinit$$0000001B)
    __rt_lib_init_clock_1                    0x0800017f   Thumb Code     0  libinit2.o(.ARM.Collect$$libinit$$00000021)
    __rt_lib_init_cpp_1                      0x0800017f   Thumb Code     0  libinit2.o(.ARM.Collect$$libinit$$00000032)
    __rt_lib_init_exceptions_1               0x0800017f   Thumb Code     0  libinit2.o(.ARM.Collect$$libinit$$00000030)
    __rt_lib_init_fp_trap_1                  0x0800017f   Thumb Code     0  libinit2.o(.ARM.Collect$$libinit$$0000001F)
    __rt_lib_init_getenv_1                   0x0800017f   Thumb Code     0  libinit2.o(.ARM.Collect$$libinit$$00000023)
    __rt_lib_init_lc_numeric_1               0x0800017f   Thumb Code     0  libinit2.o(.ARM.Collect$$libinit$$00000017)
    __rt_lib_init_lc_time_1                  0x0800017f   Thumb Code     0  libinit2.o(.ARM.Collect$$libinit$$00000019)
    __rt_lib_init_return                     0x0800017f   Thumb Code     0  libinit2.o(.ARM.Collect$$libinit$$00000033)
    __rt_lib_init_signal_1                   0x0800017f   Thumb Code     0  libinit2.o(.ARM.Collect$$libinit$$0000001D)
    __rt_lib_init_stdio_1                    0x0800017f   Thumb Code     0  libinit2.o(.ARM.Collect$$libinit$$00000025)
    __rt_lib_shutdown                        0x08000181   Thumb Code     0  libshutdown.o(.ARM.Collect$$libshutdown$$00000000)
    __rt_lib_shutdown_cpp_1                  0x08000183   Thumb Code     0  libshutdown2.o(.ARM.Collect$$libshutdown$$00000002)
    __rt_lib_shutdown_fp_trap_1              0x08000183   Thumb Code     0  libshutdown2.o(.ARM.Collect$$libshutdown$$00000007)
    __rt_lib_shutdown_heap_1                 0x08000183   Thumb Code     0  libshutdown2.o(.ARM.Collect$$libshutdown$$0000000F)
    __rt_lib_shutdown_return                 0x08000183   Thumb Code     0  libshutdown2.o(.ARM.Collect$$libshutdown$$00000010)
    __rt_lib_shutdown_signal_1               0x08000183   Thumb Code     0  libshutdown2.o(.ARM.Collect$$libshutdown$$0000000A)
    __rt_lib_shutdown_stdio_1                0x08000183   Thumb Code     0  libshutdown2.o(.ARM.Collect$$libshutdown$$00000004)
    __rt_lib_shutdown_user_alloc_1           0x08000183   Thumb Code     0  libshutdown2.o(.ARM.Collect$$libshutdown$$0000000C)
    __rt_entry                               0x08000185   Thumb Code     0  __rtentry.o(.ARM.Collect$$rtentry$$00000000)
    __rt_entry_presh_1                       0x08000185   Thumb Code     0  __rtentry2.o(.ARM.Collect$$rtentry$$00000002)
    __rt_entry_sh                            0x08000185   Thumb Code     0  __rtentry4.o(.ARM.Collect$$rtentry$$00000004)
    __rt_entry_li                            0x0800018b   Thumb Code     0  __rtentry2.o(.ARM.Collect$$rtentry$$0000000A)
    __rt_entry_postsh_1                      0x0800018b   Thumb Code     0  __rtentry2.o(.ARM.Collect$$rtentry$$00000009)
    __rt_entry_main                          0x0800018f   Thumb Code     0  __rtentry2.o(.ARM.Collect$$rtentry$$0000000D)
    __rt_entry_postli_1                      0x0800018f   Thumb Code     0  __rtentry2.o(.ARM.Collect$$rtentry$$0000000C)
    __rt_exit                                0x08000197   Thumb Code     0  rtexit.o(.ARM.Collect$$rtexit$$00000000)
    __rt_exit_ls                             0x08000199   Thumb Code     0  rtexit2.o(.ARM.Collect$$rtexit$$00000003)
    __rt_exit_prels_1                        0x08000199   Thumb Code     0  rtexit2.o(.ARM.Collect$$rtexit$$00000002)
    __rt_exit_exit                           0x0800019d   Thumb Code     0  rtexit2.o(.ARM.Collect$$rtexit$$00000004)
    Reset_Handler                            0x080001a5   Thumb Code     8  startup_stm32f10x_md.o(.text)
    NMI_Handler                              0x080001ad   Thumb Code     2  startup_stm32f10x_md.o(.text)
    HardFault_Handler                        0x080001af   Thumb Code     2  startup_stm32f10x_md.o(.text)
    MemManage_Handler                        0x080001b1   Thumb Code     2  startup_stm32f10x_md.o(.text)
    BusFault_Handler                         0x080001b3   Thumb Code     2  startup_stm32f10x_md.o(.text)
    UsageFault_Handler                       0x080001b5   Thumb Code     2  startup_stm32f10x_md.o(.text)
    SVC_Handler                              0x080001b7   Thumb Code     2  startup_stm32f10x_md.o(.text)
    DebugMon_Handler                         0x080001b9   Thumb Code     2  startup_stm32f10x_md.o(.text)
    PendSV_Handler                           0x080001bb   Thumb Code     2  startup_stm32f10x_md.o(.text)
    SysTick_Handler                          0x080001bd   Thumb Code     2  startup_stm32f10x_md.o(.text)
    ADC1_2_IRQHandler                        0x080001bf   Thumb Code     0  startup_stm32f10x_md.o(.text)
    CAN1_RX1_IRQHandler                      0x080001bf   Thumb Code     0  startup_stm32f10x_md.o(.text)
    CAN1_SCE_IRQHandler                      0x080001bf   Thumb Code     0  startup_stm32f10x_md.o(.text)
    DMA1_Channel1_IRQHandler                 0x080001bf   Thumb Code     0  startup_stm32f10x_md.o(.text)
    DMA1_Channel2_IRQHandler                 0x080001bf   Thumb Code     0  startup_stm32f10x_md.o(.text)
    DMA1_Channel3_IRQHandler                 0x080001bf   Thumb Code     0  startup_stm32f10x_md.o(.text)
    DMA1_Channel4_IRQHandler                 0x080001bf   Thumb Code     0  startup_stm32f10x_md.o(.text)
    DMA1_Channel5_IRQHandler                 0x080001bf   Thumb Code     0  startup_stm32f10x_md.o(.text)
    DMA1_Channel6_IRQHandler                 0x080001bf   Thumb Code     0  startup_stm32f10x_md.o(.text)
    DMA1_Channel7_IRQHandler                 0x080001bf   Thumb Code     0  startup_stm32f10x_md.o(.text)
    EXTI15_10_IRQHandler                     0x080001bf   Thumb Code     0  startup_stm32f10x_md.o(.text)
    FLASH_IRQHandler                         0x080001bf   Thumb Code     0  startup_stm32f10x_md.o(.text)
    I2C1_ER_IRQHandler                       0x080001bf   Thumb Code     0  startup_stm32f10x_md.o(.text)
    I2C1_EV_IRQHandler                       0x080001bf   Thumb Code     0  startup_stm32f10x_md.o(.text)
    I2C2_ER_IRQHandler                       0x080001bf   Thumb Code     0  startup_stm32f10x_md.o(.text)
    I2C2_EV_IRQHandler                       0x080001bf   Thumb Code     0  startup_stm32f10x_md.o(.text)
    PVD_IRQHandler                           0x080001bf   Thumb Code     0  startup_stm32f10x_md.o(.text)
    RCC_IRQHandler                           0x080001bf   Thumb Code     0  startup_stm32f10x_md.o(.text)
    RTCAlarm_IRQHandler                      0x080001bf   Thumb Code     0  startup_stm32f10x_md.o(.text)
    RTC_IRQHandler                           0x080001bf   Thumb Code     0  startup_stm32f10x_md.o(.text)
    SPI1_IRQHandler                          0x080001bf   Thumb Code     0  startup_stm32f10x_md.o(.text)
    SPI2_IRQHandler                          0x080001bf   Thumb Code     0  startup_stm32f10x_md.o(.text)
    TAMPER_IRQHandler                        0x080001bf   Thumb Code     0  startup_stm32f10x_md.o(.text)
    TIM1_BRK_IRQHandler                      0x080001bf   Thumb Code     0  startup_stm32f10x_md.o(.text)
    TIM1_CC_IRQHandler                       0x080001bf   Thumb Code     0  startup_stm32f10x_md.o(.text)
    TIM1_TRG_COM_IRQHandler                  0x080001bf   Thumb Code     0  startup_stm32f10x_md.o(.text)
    TIM1_UP_IRQHandler                       0x080001bf   Thumb Code     0  startup_stm32f10x_md.o(.text)
    USBWakeUp_IRQHandler                     0x080001bf   Thumb Code     0  startup_stm32f10x_md.o(.text)
    USB_HP_CAN1_TX_IRQHandler                0x080001bf   Thumb Code     0  startup_stm32f10x_md.o(.text)
    USB_LP_CAN1_RX0_IRQHandler               0x080001bf   Thumb Code     0  startup_stm32f10x_md.o(.text)
    WWDG_IRQHandler                          0x080001bf   Thumb Code     0  startup_stm32f10x_md.o(.text)
    __user_initial_stackheap                 0x080001c1   Thumb Code     0  startup_stm32f10x_md.o(.text)
    __use_no_semihosting                     0x080001e5   Thumb Code     2  use_no_semi_2.o(.text)
    __use_two_region_memory                  0x080001e7   Thumb Code     2  heapauxi.o(.text)
    __rt_heap_escrow$2region                 0x080001e9   Thumb Code     2  heapauxi.o(.text)
    __rt_heap_expand$2region                 0x080001eb   Thumb Code     2  heapauxi.o(.text)
    __I$use$semihosting                      0x080001ed   Thumb Code     0  use_no_semi.o(.text)
    __use_no_semihosting_swi                 0x080001ed   Thumb Code     2  use_no_semi.o(.text)
    __read_errno                             0x080001ef   Thumb Code    10  _rserrno.o(.text)
    __set_errno                              0x080001f9   Thumb Code    12  _rserrno.o(.text)
    __strtod_int                             0x08000241   Thumb Code    90  strtod.o(.text)
    __aeabi_errno_addr                       0x080002a9   Thumb Code     8  rt_errno_addr_intlibspace.o(.text)
    __errno$intlibspace                      0x080002a9   Thumb Code     0  rt_errno_addr_intlibspace.o(.text)
    __rt_errno_addr$intlibspace              0x080002a9   Thumb Code     0  rt_errno_addr_intlibspace.o(.text)
    isspace                                  0x080002b1   Thumb Code    18  isspace.o(.text)
    _sgetc                                   0x080002c3   Thumb Code    30  _sgetc.o(.text)
    _sbackspace                              0x080002e1   Thumb Code    34  _sgetc.o(.text)
    __user_libspace                          0x08000305   Thumb Code     8  libspace.o(.text)
    __user_perproc_libspace                  0x08000305   Thumb Code     0  libspace.o(.text)
    __user_perthread_libspace                0x08000305   Thumb Code     0  libspace.o(.text)
    __user_setup_stackheap                   0x0800030d   Thumb Code    74  sys_stackheap_outer.o(.text)
    __rt_ctype_table                         0x08000359   Thumb Code    16  rt_ctype_table.o(.text)
    _scanf_really_real                       0x080005b5   Thumb Code   684  scanf_fp.o(.text)
    exit                                     0x08000861   Thumb Code    18  exit.o(.text)
    strcmp                                   0x08000875   Thumb Code   128  strcmpv7m.o(.text)
    __rt_locale                              0x080008f5   Thumb Code     8  rt_locale_intlibspace.o(.text)
    _btod_etento                             0x080008fd   Thumb Code   224  bigflt0.o(.text)
    _scanf_really_hex_real                   0x080009e1   Thumb Code   786  scanf_hexfp.o(.text)
    _scanf_really_infnan                     0x08000d01   Thumb Code   292  scanf_infnan.o(.text)
    __aeabi_llsl                             0x08000e35   Thumb Code     0  llshl.o(.text)
    _ll_shift_l                              0x08000e35   Thumb Code    38  llshl.o(.text)
    _chval                                   0x08000e5b   Thumb Code    28  _chval.o(.text)
    __btod_div_common                        0x08000e77   Thumb Code   696  btod.o(CL$$btod_div_common)
    _e2d                                     0x080011b1   Thumb Code   122  btod.o(CL$$btod_e2d)
    _e2e                                     0x08001235   Thumb Code   220  btod.o(CL$$btod_e2e)
    _btod_ediv                               0x08001311   Thumb Code    42  btod.o(CL$$btod_ediv)
    _btod_edivd                              0x0800133b   Thumb Code    42  btod.o(CL$$btod_edivd)
    _btod_emul                               0x08001365   Thumb Code    42  btod.o(CL$$btod_emul)
    _btod_emuld                              0x0800138f   Thumb Code    42  btod.o(CL$$btod_emuld)
    __btod_mult_common                       0x080013b9   Thumb Code   580  btod.o(CL$$btod_mult_common)
    EXTI0_IRQHandler                         0x080015fd   Thumb Code    18  isr.o(i.EXTI0_IRQHandler)
    EXTI1_IRQHandler                         0x08001615   Thumb Code    18  isr.o(i.EXTI1_IRQHandler)
    EXTI2_IRQHandler                         0x0800162d   Thumb Code    52  isr.o(i.EXTI2_IRQHandler)
    EXTI3_IRQHandler                         0x08001669   Thumb Code    18  isr.o(i.EXTI3_IRQHandler)
    EXTI4_IRQHandler                         0x08001681   Thumb Code    52  isr.o(i.EXTI4_IRQHandler)
    EXTI9_5_IRQHandler                       0x080016bd   Thumb Code    86  isr.o(i.EXTI9_5_IRQHandler)
    I2C_Init                                 0x08001719   Thumb Code    44  ml_i2c.o(i.I2C_Init)
    NVIC_Group_Config                        0x08001745   Thumb Code    30  ml_nvic.o(i.NVIC_Group_Config)
    NVIC_init                                0x0800176d   Thumb Code    70  ml_nvic.o(i.NVIC_init)
    OLED_Clear                               0x080017b9   Thumb Code    42  ml_oled.o(i.OLED_Clear)
    OLED_I2C_Init                            0x080017e3   Thumb Code    44  ml_oled.o(i.OLED_I2C_Init)
    OLED_I2C_SendByte                        0x0800180f   Thumb Code    74  ml_oled.o(i.OLED_I2C_SendByte)
    OLED_I2C_Start                           0x08001859   Thumb Code    44  ml_oled.o(i.OLED_I2C_Start)
    OLED_I2C_Stop                            0x08001885   Thumb Code    34  ml_oled.o(i.OLED_I2C_Stop)
    OLED_Init                                0x080018a7   Thumb Code   174  ml_oled.o(i.OLED_Init)
    OLED_SetCursor                           0x08001955   Thumb Code    34  ml_oled.o(i.OLED_SetCursor)
    OLED_WriteCommand                        0x08001977   Thumb Code    32  ml_oled.o(i.OLED_WriteCommand)
    OLED_WriteData                           0x08001997   Thumb Code    32  ml_oled.o(i.OLED_WriteData)
    SystemInit                               0x08001aa1   Thumb Code    78  system_stm32f10x.o(i.SystemInit)
    TIM2_IRQHandler                          0x08001b01   Thumb Code    30  isr.o(i.TIM2_IRQHandler)
    TIM3_IRQHandler                          0x08001b21   Thumb Code    30  isr.o(i.TIM3_IRQHandler)
    TIM4_IRQHandler                          0x08001b45   Thumb Code    24  isr.o(i.TIM4_IRQHandler)
    USART1_IRQHandler                        0x08001b61   Thumb Code   142  isr.o(i.USART1_IRQHandler)
    USART2_IRQHandler                        0x08001c05   Thumb Code    24  isr.o(i.USART2_IRQHandler)
    USART3_IRQHandler                        0x08001c21   Thumb Code    24  isr.o(i.USART3_IRQHandler)
    __mathlib_dbl_overflow                   0x08001c3d   Thumb Code    14  dunder.o(i.__mathlib_dbl_overflow)
    __mathlib_dbl_underflow                  0x08001c4d   Thumb Code    10  dunder.o(i.__mathlib_dbl_underflow)
    __mathlib_narrow                         0x08001c5d   Thumb Code    16  narrow.o(i.__mathlib_narrow)
    __mathlib_tofloat                        0x08001c6d   Thumb Code   184  narrow.o(i.__mathlib_tofloat)
    __support_ldexp                          0x08001d29   Thumb Code    22  ldexp.o(i.__support_ldexp)
    _is_digit                                0x08001d3f   Thumb Code    14  scanf_fp.o(i._is_digit)
    _sys_exit                                0x08001d4d   Thumb Code     4  ml_uart.o(i._sys_exit)
    atof                                     0x08001d51   Thumb Code    42  atof.o(i.atof)
    delay_ms                                 0x08001d7b   Thumb Code    24  ml_delay.o(i.delay_ms)
    delay_us                                 0x08001d93   Thumb Code    46  ml_delay.o(i.delay_us)
    encoder_init                             0x08001dc1   Thumb Code    44  motor.o(i.encoder_init)
    exti_init                                0x08001ded   Thumb Code   254  ml_exti.o(i.exti_init)
    exti_pin_init                            0x08001ef9   Thumb Code   328  ml_exti.o(i.exti_pin_init)
    frexp                                    0x08002041   Thumb Code    80  frexp.o(i.frexp)
    gpio_get                                 0x08002099   Thumb Code    30  ml_gpio.o(i.gpio_get)
    gpio_init                                0x080020bd   Thumb Code   408  ml_gpio.o(i.gpio_init)
    gpio_set                                 0x08002261   Thumb Code    60  ml_gpio.o(i.gpio_set)
    ldexp                                    0x080022a1   Thumb Code   116  ldexp.o(i.ldexp)
    main                                     0x08002315   Thumb Code   132  main.o(i.main)
    motorA_duty                              0x080023b9   Thumb Code    50  motor.o(i.motorA_duty)
    motorB_duty                              0x080023f1   Thumb Code    50  motor.o(i.motorB_duty)
    motor_init                               0x08002429   Thumb Code    68  motor.o(i.motor_init)
    pid_cal_pos                              0x0800246d   Thumb Code   162  pid.o(i.pid_cal_pos)
    pid_control                              0x08002519   Thumb Code    86  pid.o(i.pid_control)
    pid_init                                 0x08002581   Thumb Code    14  pid.o(i.pid_init)
    pwm_init                                 0x08002591   Thumb Code   354  ml_pwm.o(i.pwm_init)
    pwm_pin_init                             0x08002701   Thumb Code   172  ml_pwm.o(i.pwm_pin_init)
    pwm_update                               0x080027ad   Thumb Code   266  ml_pwm.o(i.pwm_update)
    sign                                     0x080028c1   Thumb Code    38  pid.o(i.sign)
    tim_interrupt_ms_init                    0x080028ed   Thumb Code   104  ml_tim.o(i.tim_interrupt_ms_init)
    track                                    0x0800295d   Thumb Code   104  gray_track.o(i.track)
    uart_baud_config                         0x080029c9   Thumb Code   142  ml_uart.o(i.uart_baud_config)
    uart_getbyte                             0x08002a69   Thumb Code    14  ml_uart.o(i.uart_getbyte)
    uart_init                                0x08002a7d   Thumb Code    92  ml_uart.o(i.uart_init)
    uart_pin_init                            0x08002ae1   Thumb Code    86  ml_uart.o(i.uart_pin_init)
    _get_lc_numeric                          0x08002b39   Thumb Code    44  lc_numeric_c.o(locale$$code)
    _get_lc_ctype                            0x08002b65   Thumb Code    44  lc_ctype_c.o(locale$$code)
    __aeabi_d2f                              0x08002b91   Thumb Code     0  d2f.o(x$fpl$d2f)
    _d2f                                     0x08002b91   Thumb Code    98  d2f.o(x$fpl$d2f)
    __aeabi_dadd                             0x08002bf5   Thumb Code     0  daddsub_clz.o(x$fpl$dadd)
    _dadd                                    0x08002bf5   Thumb Code   332  daddsub_clz.o(x$fpl$dadd)
    __fpl_dcheck_NaN1                        0x08002d45   Thumb Code    10  dcheck1.o(x$fpl$dcheck1)
    __fpl_dcmp_Inf                           0x08002d55   Thumb Code    24  dcmpi.o(x$fpl$dcmpinf)
    __aeabi_ddiv                             0x08002d6d   Thumb Code     0  ddiv.o(x$fpl$ddiv)
    _ddiv                                    0x08002d6d   Thumb Code   552  ddiv.o(x$fpl$ddiv)
    __aeabi_cdcmpeq                          0x0800301d   Thumb Code     0  deqf.o(x$fpl$deqf)
    _dcmpeq                                  0x0800301d   Thumb Code   120  deqf.o(x$fpl$deqf)
    __aeabi_i2d                              0x08003095   Thumb Code     0  dflt_clz.o(x$fpl$dflt)
    _dflt                                    0x08003095   Thumb Code    46  dflt_clz.o(x$fpl$dflt)
    __aeabi_ui2d                             0x080030c3   Thumb Code     0  dflt_clz.o(x$fpl$dfltu)
    _dfltu                                   0x080030c3   Thumb Code    38  dflt_clz.o(x$fpl$dfltu)
    __aeabi_cdcmple                          0x080030e9   Thumb Code     0  dleqf.o(x$fpl$dleqf)
    _dcmple                                  0x080030e9   Thumb Code   120  dleqf.o(x$fpl$dleqf)
    __fpl_dcmple_InfNaN                      0x0800314b   Thumb Code     0  dleqf.o(x$fpl$dleqf)
    __aeabi_dmul                             0x08003161   Thumb Code     0  dmul.o(x$fpl$dmul)
    _dmul                                    0x08003161   Thumb Code   332  dmul.o(x$fpl$dmul)
    __fpl_dnaninf                            0x080032b5   Thumb Code   156  dnaninf.o(x$fpl$dnaninf)
    __fpl_dretinf                            0x08003351   Thumb Code    12  dretinf.o(x$fpl$dretinf)
    __aeabi_cdrcmple                         0x0800335d   Thumb Code     0  drleqf.o(x$fpl$drleqf)
    _drcmple                                 0x0800335d   Thumb Code   108  drleqf.o(x$fpl$drleqf)
    __aeabi_dsub                             0x080033c9   Thumb Code     0  daddsub_clz.o(x$fpl$dsub)
    _dsub                                    0x080033c9   Thumb Code   464  daddsub_clz.o(x$fpl$dsub)
    __aeabi_f2d                              0x0800359d   Thumb Code     0  f2d.o(x$fpl$f2d)
    _f2d                                     0x0800359d   Thumb Code    86  f2d.o(x$fpl$f2d)
    __aeabi_fadd                             0x080035f5   Thumb Code     0  faddsub_clz.o(x$fpl$fadd)
    _fadd                                    0x080035f5   Thumb Code   196  faddsub_clz.o(x$fpl$fadd)
    __fpl_fcmp_Inf                           0x080036b9   Thumb Code    24  fcmpi.o(x$fpl$fcmpinf)
    __aeabi_fdiv                             0x080036d1   Thumb Code     0  fdiv.o(x$fpl$fdiv)
    _fdiv                                    0x080036d1   Thumb Code   384  fdiv.o(x$fpl$fdiv)
    __aeabi_cfcmpeq                          0x08003855   Thumb Code     0  feqf.o(x$fpl$feqf)
    _fcmpeq                                  0x08003855   Thumb Code   104  feqf.o(x$fpl$feqf)
    __aeabi_f2iz                             0x080038bd   Thumb Code     0  ffix.o(x$fpl$ffix)
    _ffix                                    0x080038bd   Thumb Code    54  ffix.o(x$fpl$ffix)
    __aeabi_f2uiz                            0x080038f5   Thumb Code     0  ffixu.o(x$fpl$ffixu)
    _ffixu                                   0x080038f5   Thumb Code    62  ffixu.o(x$fpl$ffixu)
    __aeabi_i2f                              0x08003935   Thumb Code     0  fflt_clz.o(x$fpl$fflt)
    _fflt                                    0x08003935   Thumb Code    48  fflt_clz.o(x$fpl$fflt)
    __aeabi_ui2f                             0x08003965   Thumb Code     0  fflt_clz.o(x$fpl$ffltu)
    _ffltu                                   0x08003965   Thumb Code    38  fflt_clz.o(x$fpl$ffltu)
    __aeabi_cfcmple                          0x0800398d   Thumb Code     0  fleqf.o(x$fpl$fleqf)
    _fcmple                                  0x0800398d   Thumb Code   104  fleqf.o(x$fpl$fleqf)
    __fpl_fcmple_InfNaN                      0x080039df   Thumb Code     0  fleqf.o(x$fpl$fleqf)
    __aeabi_fmul                             0x080039f5   Thumb Code     0  fmul.o(x$fpl$fmul)
    _fmul                                    0x080039f5   Thumb Code   258  fmul.o(x$fpl$fmul)
    __fpl_fnaninf                            0x08003af7   Thumb Code   140  fnaninf.o(x$fpl$fnaninf)
    __fpl_fretinf                            0x08003b83   Thumb Code    10  fretinf.o(x$fpl$fretinf)
    __aeabi_cfrcmple                         0x08003b8d   Thumb Code     0  frleqf.o(x$fpl$frleqf)
    _frcmple                                 0x08003b8d   Thumb Code    98  frleqf.o(x$fpl$frleqf)
    __aeabi_frsub                            0x08003bef   Thumb Code     0  faddsub_clz.o(x$fpl$frsb)
    _frsb                                    0x08003bef   Thumb Code    20  faddsub_clz.o(x$fpl$frsb)
    __aeabi_fsub                             0x08003c05   Thumb Code     0  faddsub_clz.o(x$fpl$fsub)
    _fsub                                    0x08003c05   Thumb Code   234  faddsub_clz.o(x$fpl$fsub)
    __ieee_status                            0x08003cef   Thumb Code     6  istatus.o(x$fpl$ieeestatus)
    __fpl_return_NaN                         0x08003cf5   Thumb Code   100  retnan.o(x$fpl$retnan)
    __ARM_scalbn                             0x08003d59   Thumb Code    92  scalbn.o(x$fpl$scalbn)
    _scanf_real                              0x08003db5   Thumb Code     4  scanf1.o(x$fpl$scanf1)
    _scanf_hex_real                          0x08003db9   Thumb Code     4  scanf2.o(x$fpl$scanf2)
    _scanf_infnan                            0x08003dbd   Thumb Code     4  scanf2.o(x$fpl$scanf2)
    __fpl_cmpreturn                          0x08003dc1   Thumb Code    48  trapv.o(x$fpl$trapveneer)
    __I$use$fp                               0x08003df0   Number         0  usenofp.o(x$fpl$usenofp)
    Region$$Table$$Base                      0x08003e84   Number         0  anon$$obj.o(Region$$Table)
    Region$$Table$$Limit                     0x08003ea4   Number         0  anon$$obj.o(Region$$Table)
    __aeabi_HUGE_VAL                         0x08003ea4   Data           0  fpconst.o(c$$dinf)
    __aeabi_HUGE_VALL                        0x08003ea4   Data           0  fpconst.o(c$$dinf)
    __aeabi_INFINITY                         0x08003ea4   Data           0  fpconst.o(c$$dinf)
    __dInf                                   0x08003ea4   Data           0  fpconst.o(c$$dinf)
    __huge_val                               0x08003ea4   Data           0  fpconst.o(c$$dinf)
    __dbl_max                                0x08003eac   Data           0  fpconst.o(c$$dmax)
    __ctype                                  0x08003edd   Data           0  lc_ctype_c.o(locale$$data)
    gpio_index                               0x20000000   Data          12  ml_gpio.o(.data)
    tim_index                                0x2000000c   Data          12  ml_tim.o(.data)
    uart_index                               0x20000018   Data          12  ml_uart.o(.data)
    __stdout                                 0x20000024   Data           4  ml_uart.o(.data)
    motorA_dir                               0x20000028   Data           1  motor.o(.data)
    motorB_dir                               0x20000029   Data           1  motor.o(.data)
    Encoder_count1                           0x2000002c   Data           4  motor.o(.data)
    Encoder_count2                           0x20000030   Data           4  motor.o(.data)
    speed_now                                0x20000034   Data           4  motor.o(.data)
    Serial_RxFlag                            0x20000038   Data           1  isr.o(.data)
    motorA                                   0x2000003c   Data          64  pid.o(.bss)
    motorB                                   0x2000007c   Data          64  pid.o(.bss)
    angle                                    0x200000bc   Data          64  pid.o(.bss)
    pos                                      0x200000fc   Data          64  pid.o(.bss)
    Serial_RxPacket                          0x2000013c   Data         100  isr.o(.bss)
    __libspace_start                         0x200001a0   Data          96  libspace.o(.bss)
    __temporary_stack_top$libspace           0x20000200   Data           0  libspace.o(.bss)



==============================================================================

Memory Map of the image

  Image Entry point : 0x080000ed

  Load Region LR_IROM1 (Base: 0x08000000, Size: 0x0000401c, Max: 0x00010000, ABSOLUTE)

    Execution Region ER_IROM1 (Exec base: 0x08000000, Load base: 0x08000000, Size: 0x00003fe0, Max: 0x00010000, ABSOLUTE)

    Exec Addr    Load Addr    Size         Type   Attr      Idx    E Section Name        Object

    0x08000000   0x08000000   0x000000ec   Data   RO           49    RESET               startup_stm32f10x_md.o
    0x080000ec   0x080000ec   0x00000008   Code   RO          867  * !!!main             c_w.l(__main.o)
    0x080000f4   0x080000f4   0x00000034   Code   RO         1251    !!!scatter          c_w.l(__scatter.o)
    0x08000128   0x08000128   0x0000001a   Code   RO         1253    !!handler_copy      c_w.l(__scatter_copy.o)
    0x08000142   0x08000142   0x00000002   PAD
    0x08000144   0x08000144   0x0000001c   Code   RO         1255    !!handler_zi        c_w.l(__scatter_zi.o)
    0x08000160   0x08000160   0x00000002   Code   RO         1047    .ARM.Collect$$libinit$$00000000  c_w.l(libinit.o)
    0x08000162   0x08000162   0x00000000   Code   RO         1049    .ARM.Collect$$libinit$$00000002  c_w.l(libinit2.o)
    0x08000162   0x08000162   0x00000000   Code   RO         1051    .ARM.Collect$$libinit$$00000004  c_w.l(libinit2.o)
    0x08000162   0x08000162   0x00000000   Code   RO         1054    .ARM.Collect$$libinit$$0000000A  c_w.l(libinit2.o)
    0x08000162   0x08000162   0x00000000   Code   RO         1056    .ARM.Collect$$libinit$$0000000C  c_w.l(libinit2.o)
    0x08000162   0x08000162   0x00000000   Code   RO         1058    .ARM.Collect$$libinit$$0000000E  c_w.l(libinit2.o)
    0x08000162   0x08000162   0x00000006   Code   RO         1059    .ARM.Collect$$libinit$$0000000F  c_w.l(libinit2.o)
    0x08000168   0x08000168   0x00000000   Code   RO         1061    .ARM.Collect$$libinit$$00000011  c_w.l(libinit2.o)
    0x08000168   0x08000168   0x0000000c   Code   RO         1062    .ARM.Collect$$libinit$$00000012  c_w.l(libinit2.o)
    0x08000174   0x08000174   0x00000000   Code   RO         1063    .ARM.Collect$$libinit$$00000013  c_w.l(libinit2.o)
    0x08000174   0x08000174   0x00000000   Code   RO         1065    .ARM.Collect$$libinit$$00000015  c_w.l(libinit2.o)
    0x08000174   0x08000174   0x0000000a   Code   RO         1066    .ARM.Collect$$libinit$$00000016  c_w.l(libinit2.o)
    0x0800017e   0x0800017e   0x00000000   Code   RO         1067    .ARM.Collect$$libinit$$00000017  c_w.l(libinit2.o)
    0x0800017e   0x0800017e   0x00000000   Code   RO         1069    .ARM.Collect$$libinit$$00000019  c_w.l(libinit2.o)
    0x0800017e   0x0800017e   0x00000000   Code   RO         1071    .ARM.Collect$$libinit$$0000001B  c_w.l(libinit2.o)
    0x0800017e   0x0800017e   0x00000000   Code   RO         1073    .ARM.Collect$$libinit$$0000001D  c_w.l(libinit2.o)
    0x0800017e   0x0800017e   0x00000000   Code   RO         1075    .ARM.Collect$$libinit$$0000001F  c_w.l(libinit2.o)
    0x0800017e   0x0800017e   0x00000000   Code   RO         1077    .ARM.Collect$$libinit$$00000021  c_w.l(libinit2.o)
    0x0800017e   0x0800017e   0x00000000   Code   RO         1079    .ARM.Collect$$libinit$$00000023  c_w.l(libinit2.o)
    0x0800017e   0x0800017e   0x00000000   Code   RO         1081    .ARM.Collect$$libinit$$00000025  c_w.l(libinit2.o)
    0x0800017e   0x0800017e   0x00000000   Code   RO         1085    .ARM.Collect$$libinit$$0000002C  c_w.l(libinit2.o)
    0x0800017e   0x0800017e   0x00000000   Code   RO         1087    .ARM.Collect$$libinit$$0000002E  c_w.l(libinit2.o)
    0x0800017e   0x0800017e   0x00000000   Code   RO         1089    .ARM.Collect$$libinit$$00000030  c_w.l(libinit2.o)
    0x0800017e   0x0800017e   0x00000000   Code   RO         1091    .ARM.Collect$$libinit$$00000032  c_w.l(libinit2.o)
    0x0800017e   0x0800017e   0x00000002   Code   RO         1092    .ARM.Collect$$libinit$$00000033  c_w.l(libinit2.o)
    0x08000180   0x08000180   0x00000002   Code   RO         1189    .ARM.Collect$$libshutdown$$00000000  c_w.l(libshutdown.o)
    0x08000182   0x08000182   0x00000000   Code   RO         1210    .ARM.Collect$$libshutdown$$00000002  c_w.l(libshutdown2.o)
    0x08000182   0x08000182   0x00000000   Code   RO         1212    .ARM.Collect$$libshutdown$$00000004  c_w.l(libshutdown2.o)
    0x08000182   0x08000182   0x00000000   Code   RO         1215    .ARM.Collect$$libshutdown$$00000007  c_w.l(libshutdown2.o)
    0x08000182   0x08000182   0x00000000   Code   RO         1218    .ARM.Collect$$libshutdown$$0000000A  c_w.l(libshutdown2.o)
    0x08000182   0x08000182   0x00000000   Code   RO         1220    .ARM.Collect$$libshutdown$$0000000C  c_w.l(libshutdown2.o)
    0x08000182   0x08000182   0x00000000   Code   RO         1223    .ARM.Collect$$libshutdown$$0000000F  c_w.l(libshutdown2.o)
    0x08000182   0x08000182   0x00000002   Code   RO         1224    .ARM.Collect$$libshutdown$$00000010  c_w.l(libshutdown2.o)
    0x08000184   0x08000184   0x00000000   Code   RO          945    .ARM.Collect$$rtentry$$00000000  c_w.l(__rtentry.o)
    0x08000184   0x08000184   0x00000000   Code   RO          993    .ARM.Collect$$rtentry$$00000002  c_w.l(__rtentry2.o)
    0x08000184   0x08000184   0x00000006   Code   RO         1005    .ARM.Collect$$rtentry$$00000004  c_w.l(__rtentry4.o)
    0x0800018a   0x0800018a   0x00000000   Code   RO          995    .ARM.Collect$$rtentry$$00000009  c_w.l(__rtentry2.o)
    0x0800018a   0x0800018a   0x00000004   Code   RO          996    .ARM.Collect$$rtentry$$0000000A  c_w.l(__rtentry2.o)
    0x0800018e   0x0800018e   0x00000000   Code   RO          998    .ARM.Collect$$rtentry$$0000000C  c_w.l(__rtentry2.o)
    0x0800018e   0x0800018e   0x00000008   Code   RO          999    .ARM.Collect$$rtentry$$0000000D  c_w.l(__rtentry2.o)
    0x08000196   0x08000196   0x00000002   Code   RO         1095    .ARM.Collect$$rtexit$$00000000  c_w.l(rtexit.o)
    0x08000198   0x08000198   0x00000000   Code   RO         1155    .ARM.Collect$$rtexit$$00000002  c_w.l(rtexit2.o)
    0x08000198   0x08000198   0x00000004   Code   RO         1156    .ARM.Collect$$rtexit$$00000003  c_w.l(rtexit2.o)
    0x0800019c   0x0800019c   0x00000006   Code   RO         1157    .ARM.Collect$$rtexit$$00000004  c_w.l(rtexit2.o)
    0x080001a2   0x080001a2   0x00000002   PAD
    0x080001a4   0x080001a4   0x00000040   Code   RO           50    .text               startup_stm32f10x_md.o
    0x080001e4   0x080001e4   0x00000002   Code   RO          863    .text               c_w.l(use_no_semi_2.o)
    0x080001e6   0x080001e6   0x00000006   Code   RO          865    .text               c_w.l(heapauxi.o)
    0x080001ec   0x080001ec   0x00000002   Code   RO          943    .text               c_w.l(use_no_semi.o)
    0x080001ee   0x080001ee   0x00000016   Code   RO          946    .text               c_w.l(_rserrno.o)
    0x08000204   0x08000204   0x000000a4   Code   RO          948    .text               c_w.l(strtod.o)
    0x080002a8   0x080002a8   0x00000008   Code   RO         1010    .text               c_w.l(rt_errno_addr_intlibspace.o)
    0x080002b0   0x080002b0   0x00000012   Code   RO         1012    .text               c_w.l(isspace.o)
    0x080002c2   0x080002c2   0x00000040   Code   RO         1014    .text               c_w.l(_sgetc.o)
    0x08000302   0x08000302   0x00000002   PAD
    0x08000304   0x08000304   0x00000008   Code   RO         1027    .text               c_w.l(libspace.o)
    0x0800030c   0x0800030c   0x0000004a   Code   RO         1030    .text               c_w.l(sys_stackheap_outer.o)
    0x08000356   0x08000356   0x00000002   PAD
    0x08000358   0x08000358   0x00000010   Code   RO         1032    .text               c_w.l(rt_ctype_table.o)
    0x08000368   0x08000368   0x000004f8   Code   RO         1034    .text               c_w.l(scanf_fp.o)
    0x08000860   0x08000860   0x00000012   Code   RO         1038    .text               c_w.l(exit.o)
    0x08000872   0x08000872   0x00000002   PAD
    0x08000874   0x08000874   0x00000080   Code   RO         1040    .text               c_w.l(strcmpv7m.o)
    0x080008f4   0x080008f4   0x00000008   Code   RO         1100    .text               c_w.l(rt_locale_intlibspace.o)
    0x080008fc   0x080008fc   0x000000e4   Code   RO         1102    .text               c_w.l(bigflt0.o)
    0x080009e0   0x080009e0   0x00000320   Code   RO         1161    .text               c_w.l(scanf_hexfp.o)
    0x08000d00   0x08000d00   0x00000134   Code   RO         1163    .text               c_w.l(scanf_infnan.o)
    0x08000e34   0x08000e34   0x00000026   Code   RO         1179    .text               c_w.l(llshl.o)
    0x08000e5a   0x08000e5a   0x0000001c   Code   RO         1181    .text               c_w.l(_chval.o)
    0x08000e76   0x08000e76   0x00000338   Code   RO         1115    CL$$btod_div_common  c_w.l(btod.o)
    0x080011ae   0x080011ae   0x00000002   PAD
    0x080011b0   0x080011b0   0x00000084   Code   RO         1113    CL$$btod_e2d        c_w.l(btod.o)
    0x08001234   0x08001234   0x000000dc   Code   RO         1112    CL$$btod_e2e        c_w.l(btod.o)
    0x08001310   0x08001310   0x0000002a   Code   RO         1109    CL$$btod_ediv       c_w.l(btod.o)
    0x0800133a   0x0800133a   0x0000002a   Code   RO         1111    CL$$btod_edivd      c_w.l(btod.o)
    0x08001364   0x08001364   0x0000002a   Code   RO         1108    CL$$btod_emul       c_w.l(btod.o)
    0x0800138e   0x0800138e   0x0000002a   Code   RO         1110    CL$$btod_emuld      c_w.l(btod.o)
    0x080013b8   0x080013b8   0x00000244   Code   RO         1114    CL$$btod_mult_common  c_w.l(btod.o)
    0x080015fc   0x080015fc   0x00000018   Code   RO          776    i.EXTI0_IRQHandler  isr.o
    0x08001614   0x08001614   0x00000018   Code   RO          777    i.EXTI1_IRQHandler  isr.o
    0x0800162c   0x0800162c   0x0000003c   Code   RO          778    i.EXTI2_IRQHandler  isr.o
    0x08001668   0x08001668   0x00000018   Code   RO          779    i.EXTI3_IRQHandler  isr.o
    0x08001680   0x08001680   0x0000003c   Code   RO          780    i.EXTI4_IRQHandler  isr.o
    0x080016bc   0x080016bc   0x0000005c   Code   RO          781    i.EXTI9_5_IRQHandler  isr.o
    0x08001718   0x08001718   0x0000002c   Code   RO          436    i.I2C_Init          ml_i2c.o
    0x08001744   0x08001744   0x00000028   Code   RO          196    i.NVIC_Group_Config  ml_nvic.o
    0x0800176c   0x0800176c   0x0000004c   Code   RO          197    i.NVIC_init         ml_nvic.o
    0x080017b8   0x080017b8   0x0000002a   Code   RO          494    i.OLED_Clear        ml_oled.o
    0x080017e2   0x080017e2   0x0000002c   Code   RO          496    i.OLED_I2C_Init     ml_oled.o
    0x0800180e   0x0800180e   0x0000004a   Code   RO          497    i.OLED_I2C_SendByte  ml_oled.o
    0x08001858   0x08001858   0x0000002c   Code   RO          498    i.OLED_I2C_Start    ml_oled.o
    0x08001884   0x08001884   0x00000022   Code   RO          499    i.OLED_I2C_Stop     ml_oled.o
    0x080018a6   0x080018a6   0x000000ae   Code   RO          500    i.OLED_Init         ml_oled.o
    0x08001954   0x08001954   0x00000022   Code   RO          502    i.OLED_SetCursor    ml_oled.o
    0x08001976   0x08001976   0x00000020   Code   RO          510    i.OLED_WriteCommand  ml_oled.o
    0x08001996   0x08001996   0x00000020   Code   RO          511    i.OLED_WriteData    ml_oled.o
    0x080019b6   0x080019b6   0x00000008   Code   RO            1    i.SetSysClock       system_stm32f10x.o
    0x080019be   0x080019be   0x00000002   PAD
    0x080019c0   0x080019c0   0x000000e0   Code   RO            2    i.SetSysClockTo72   system_stm32f10x.o
    0x08001aa0   0x08001aa0   0x00000060   Code   RO            4    i.SystemInit        system_stm32f10x.o
    0x08001b00   0x08001b00   0x0000001e   Code   RO          782    i.TIM2_IRQHandler   isr.o
    0x08001b1e   0x08001b1e   0x00000002   PAD
    0x08001b20   0x08001b20   0x00000024   Code   RO          783    i.TIM3_IRQHandler   isr.o
    0x08001b44   0x08001b44   0x0000001c   Code   RO          784    i.TIM4_IRQHandler   isr.o
    0x08001b60   0x08001b60   0x000000a4   Code   RO          785    i.USART1_IRQHandler  isr.o
    0x08001c04   0x08001c04   0x0000001c   Code   RO          786    i.USART2_IRQHandler  isr.o
    0x08001c20   0x08001c20   0x0000001c   Code   RO          787    i.USART3_IRQHandler  isr.o
    0x08001c3c   0x08001c3c   0x0000000e   Code   RO          969    i.__mathlib_dbl_overflow  m_ws.l(dunder.o)
    0x08001c4a   0x08001c4a   0x00000002   PAD
    0x08001c4c   0x08001c4c   0x00000010   Code   RO          971    i.__mathlib_dbl_underflow  m_ws.l(dunder.o)
    0x08001c5c   0x08001c5c   0x00000010   Code   RO         1148    i.__mathlib_narrow  m_ws.l(narrow.o)
    0x08001c6c   0x08001c6c   0x000000bc   Code   RO         1149    i.__mathlib_tofloat  m_ws.l(narrow.o)
    0x08001d28   0x08001d28   0x00000016   Code   RO         1191    i.__support_ldexp   m_ws.l(ldexp.o)
    0x08001d3e   0x08001d3e   0x0000000e   Code   RO         1036    i._is_digit         c_w.l(scanf_fp.o)
    0x08001d4c   0x08001d4c   0x00000004   Code   RO          256    i._sys_exit         ml_uart.o
    0x08001d50   0x08001d50   0x0000002a   Code   RO          930    i.atof              m_ws.l(atof.o)
    0x08001d7a   0x08001d7a   0x00000018   Code   RO          168    i.delay_ms          ml_delay.o
    0x08001d92   0x08001d92   0x0000002e   Code   RO          170    i.delay_us          ml_delay.o
    0x08001dc0   0x08001dc0   0x0000002c   Code   RO          650    i.encoder_init      motor.o
    0x08001dec   0x08001dec   0x0000010c   Code   RO          344    i.exti_init         ml_exti.o
    0x08001ef8   0x08001ef8   0x00000148   Code   RO          345    i.exti_pin_init     ml_exti.o
    0x08002040   0x08002040   0x00000058   Code   RO         1172    i.frexp             m_ws.l(frexp.o)
    0x08002098   0x08002098   0x00000024   Code   RO           55    i.gpio_get          ml_gpio.o
    0x080020bc   0x080020bc   0x000001a4   Code   RO           56    i.gpio_init         ml_gpio.o
    0x08002260   0x08002260   0x00000040   Code   RO           57    i.gpio_set          ml_gpio.o
    0x080022a0   0x080022a0   0x00000074   Code   RO         1192    i.ldexp             m_ws.l(ldexp.o)
    0x08002314   0x08002314   0x000000a4   Code   RO          764    i.main              main.o
    0x080023b8   0x080023b8   0x00000038   Code   RO          651    i.motorA_duty       motor.o
    0x080023f0   0x080023f0   0x00000038   Code   RO          652    i.motorB_duty       motor.o
    0x08002428   0x08002428   0x00000044   Code   RO          653    i.motor_init        motor.o
    0x0800246c   0x0800246c   0x000000ac   Code   RO          686    i.pid_cal_pos       pid.o
    0x08002518   0x08002518   0x00000068   Code   RO          687    i.pid_control       pid.o
    0x08002580   0x08002580   0x0000000e   Code   RO          688    i.pid_init          pid.o
    0x0800258e   0x0800258e   0x00000002   PAD
    0x08002590   0x08002590   0x00000170   Code   RO          214    i.pwm_init          ml_pwm.o
    0x08002700   0x08002700   0x000000ac   Code   RO          215    i.pwm_pin_init      ml_pwm.o
    0x080027ac   0x080027ac   0x00000114   Code   RO          216    i.pwm_update        ml_pwm.o
    0x080028c0   0x080028c0   0x0000002c   Code   RO          690    i.sign              pid.o
    0x080028ec   0x080028ec   0x00000070   Code   RO          238    i.tim_interrupt_ms_init  ml_tim.o
    0x0800295c   0x0800295c   0x0000006c   Code   RO          752    i.track             gray_track.o
    0x080029c8   0x080029c8   0x000000a0   Code   RO          258    i.uart_baud_config  ml_uart.o
    0x08002a68   0x08002a68   0x00000014   Code   RO          259    i.uart_getbyte      ml_uart.o
    0x08002a7c   0x08002a7c   0x00000064   Code   RO          260    i.uart_init         ml_uart.o
    0x08002ae0   0x08002ae0   0x00000056   Code   RO          261    i.uart_pin_init     ml_uart.o
    0x08002b36   0x08002b36   0x00000002   PAD
    0x08002b38   0x08002b38   0x0000002c   Code   RO         1017    locale$$code        c_w.l(lc_numeric_c.o)
    0x08002b64   0x08002b64   0x0000002c   Code   RO         1128    locale$$code        c_w.l(lc_ctype_c.o)
    0x08002b90   0x08002b90   0x00000062   Code   RO          869    x$fpl$d2f           fz_ws.l(d2f.o)
    0x08002bf2   0x08002bf2   0x00000002   PAD
    0x08002bf4   0x08002bf4   0x00000150   Code   RO          871    x$fpl$dadd          fz_ws.l(daddsub_clz.o)
    0x08002d44   0x08002d44   0x00000010   Code   RO         1019    x$fpl$dcheck1       fz_ws.l(dcheck1.o)
    0x08002d54   0x08002d54   0x00000018   Code   RO         1021    x$fpl$dcmpinf       fz_ws.l(dcmpi.o)
    0x08002d6c   0x08002d6c   0x000002b0   Code   RO          878    x$fpl$ddiv          fz_ws.l(ddiv.o)
    0x0800301c   0x0800301c   0x00000078   Code   RO         1169    x$fpl$deqf          fz_ws.l(deqf.o)
    0x08003094   0x08003094   0x0000002e   Code   RO          886    x$fpl$dflt          fz_ws.l(dflt_clz.o)
    0x080030c2   0x080030c2   0x00000026   Code   RO          885    x$fpl$dfltu         fz_ws.l(dflt_clz.o)
    0x080030e8   0x080030e8   0x00000078   Code   RO          950    x$fpl$dleqf         fz_ws.l(dleqf.o)
    0x08003160   0x08003160   0x00000154   Code   RO          891    x$fpl$dmul          fz_ws.l(dmul.o)
    0x080032b4   0x080032b4   0x0000009c   Code   RO          952    x$fpl$dnaninf       fz_ws.l(dnaninf.o)
    0x08003350   0x08003350   0x0000000c   Code   RO          954    x$fpl$dretinf       fz_ws.l(dretinf.o)
    0x0800335c   0x0800335c   0x0000006c   Code   RO          893    x$fpl$drleqf        fz_ws.l(drleqf.o)
    0x080033c8   0x080033c8   0x000001d4   Code   RO          873    x$fpl$dsub          fz_ws.l(daddsub_clz.o)
    0x0800359c   0x0800359c   0x00000056   Code   RO          895    x$fpl$f2d           fz_ws.l(f2d.o)
    0x080035f2   0x080035f2   0x00000002   PAD
    0x080035f4   0x080035f4   0x000000c4   Code   RO          897    x$fpl$fadd          fz_ws.l(faddsub_clz.o)
    0x080036b8   0x080036b8   0x00000018   Code   RO          956    x$fpl$fcmpinf       fz_ws.l(fcmpi.o)
    0x080036d0   0x080036d0   0x00000184   Code   RO          904    x$fpl$fdiv          fz_ws.l(fdiv.o)
    0x08003854   0x08003854   0x00000068   Code   RO          907    x$fpl$feqf          fz_ws.l(feqf.o)
    0x080038bc   0x080038bc   0x00000036   Code   RO          909    x$fpl$ffix          fz_ws.l(ffix.o)
    0x080038f2   0x080038f2   0x00000002   PAD
    0x080038f4   0x080038f4   0x0000003e   Code   RO          913    x$fpl$ffixu         fz_ws.l(ffixu.o)
    0x08003932   0x08003932   0x00000002   PAD
    0x08003934   0x08003934   0x00000030   Code   RO          918    x$fpl$fflt          fz_ws.l(fflt_clz.o)
    0x08003964   0x08003964   0x00000026   Code   RO          917    x$fpl$ffltu         fz_ws.l(fflt_clz.o)
    0x0800398a   0x0800398a   0x00000002   PAD
    0x0800398c   0x0800398c   0x00000068   Code   RO          923    x$fpl$fleqf         fz_ws.l(fleqf.o)
    0x080039f4   0x080039f4   0x00000102   Code   RO          925    x$fpl$fmul          fz_ws.l(fmul.o)
    0x08003af6   0x08003af6   0x0000008c   Code   RO          958    x$fpl$fnaninf       fz_ws.l(fnaninf.o)
    0x08003b82   0x08003b82   0x0000000a   Code   RO          960    x$fpl$fretinf       fz_ws.l(fretinf.o)
    0x08003b8c   0x08003b8c   0x00000062   Code   RO          927    x$fpl$frleqf        fz_ws.l(frleqf.o)
    0x08003bee   0x08003bee   0x00000014   Code   RO          898    x$fpl$frsb          fz_ws.l(faddsub_clz.o)
    0x08003c02   0x08003c02   0x00000002   PAD
    0x08003c04   0x08003c04   0x000000ea   Code   RO          899    x$fpl$fsub          fz_ws.l(faddsub_clz.o)
    0x08003cee   0x08003cee   0x00000006   Code   RO         1138    x$fpl$ieeestatus    fz_ws.l(istatus.o)
    0x08003cf4   0x08003cf4   0x00000064   Code   RO         1093    x$fpl$retnan        fz_ws.l(retnan.o)
    0x08003d58   0x08003d58   0x0000005c   Code   RO          962    x$fpl$scalbn        fz_ws.l(scalbn.o)
    0x08003db4   0x08003db4   0x00000004   Code   RO         1025    x$fpl$scanf1        fz_ws.l(scanf1.o)
    0x08003db8   0x08003db8   0x00000008   Code   RO         1140    x$fpl$scanf2        fz_ws.l(scanf2.o)
    0x08003dc0   0x08003dc0   0x00000030   Code   RO         1146    x$fpl$trapveneer    fz_ws.l(trapv.o)
    0x08003df0   0x08003df0   0x00000000   Code   RO          964    x$fpl$usenofp       fz_ws.l(usenofp.o)
    0x08003df0   0x08003df0   0x00000094   Data   RO         1103    .constdata          c_w.l(bigflt0.o)
    0x08003e84   0x08003e84   0x00000020   Data   RO         1249    Region$$Table       anon$$obj.o
    0x08003ea4   0x08003ea4   0x00000008   Data   RO         1132    c$$dinf             fz_ws.l(fpconst.o)
    0x08003eac   0x08003eac   0x00000008   Data   RO         1135    c$$dmax             fz_ws.l(fpconst.o)
    0x08003eb4   0x08003eb4   0x0000001c   Data   RO         1016    locale$$data        c_w.l(lc_numeric_c.o)
    0x08003ed0   0x08003ed0   0x00000110   Data   RO         1127    locale$$data        c_w.l(lc_ctype_c.o)


    Execution Region RW_IRAM1 (Exec base: 0x20000000, Load base: 0x08003fe0, Size: 0x00000800, Max: 0x00005000, ABSOLUTE)

    Exec Addr    Load Addr    Size         Type   Attr      Idx    E Section Name        Object

    0x20000000   0x08003fe0   0x0000000c   Data   RW           58    .data               ml_gpio.o
    0x2000000c   0x08003fec   0x0000000c   Data   RW          239    .data               ml_tim.o
    0x20000018   0x08003ff8   0x00000010   Data   RW          264    .data               ml_uart.o
    0x20000028   0x08004008   0x00000010   Data   RW          654    .data               motor.o
    0x20000038   0x08004018   0x00000003   Data   RW          789    .data               isr.o
    0x2000003b   0x0800401b   0x00000001   PAD
    0x2000003c        -       0x00000100   Zero   RW          691    .bss                pid.o
    0x2000013c        -       0x00000064   Zero   RW          788    .bss                isr.o
    0x200001a0        -       0x00000060   Zero   RW         1028    .bss                c_w.l(libspace.o)
    0x20000200        -       0x00000200   Zero   RW           48    HEAP                startup_stm32f10x_md.o
    0x20000400        -       0x00000400   Zero   RW           47    STACK               startup_stm32f10x_md.o


==============================================================================

Image component sizes


      Code (inc. data)   RO Data    RW Data    ZI Data      Debug   Object Name

       108          4          0          0          0        796   gray_track.o
       598         80          0          3        100       5434   isr.o
       164         32          0          0          0        443   main.o
        70          0          0          0          0        914   ml_delay.o
       596         38          0          0          0       1400   ml_exti.o
       520         22          0         12          0     206813   ml_gpio.o
        44          0          0          0          0        419   ml_i2c.o
       116         16          0          0          0       1060   ml_nvic.o
       510          0          0          0          0       4412   ml_oled.o
       816         36          0          0          0       1911   ml_pwm.o
       112          8          0         12          0       1392   ml_tim.o
       370         32          0         16          0       4455   ml_uart.o
       224         12          0         16          0       2156   motor.o
       334         34          0          0        256       3072   pid.o
        64         26        236          0       1536        804   startup_stm32f10x_md.o
       328         28          0          0          0       6265   system_stm32f10x.o

    ----------------------------------------------------------------------
      4982        368        268         60       1892     241746   Object Totals
         0          0         32          0          0          0   (incl. Generated)
         8          0          0          1          0          0   (incl. Padding)

    ----------------------------------------------------------------------

      Code (inc. data)   RO Data    RW Data    ZI Data      Debug   Library Member Name

         8          0          0          0          0         68   __main.o
         0          0          0          0          0          0   __rtentry.o
        12          0          0          0          0          0   __rtentry2.o
         6          0          0          0          0          0   __rtentry4.o
        52          8          0          0          0          0   __scatter.o
        26          0          0          0          0          0   __scatter_copy.o
        28          0          0          0          0          0   __scatter_zi.o
        28          0          0          0          0         68   _chval.o
        22          0          0          0          0        100   _rserrno.o
        64          0          0          0          0         84   _sgetc.o
       228          4        148          0          0         96   bigflt0.o
      1924        136          0          0          0        756   btod.o
        18          0          0          0          0         80   exit.o
         6          0          0          0          0        152   heapauxi.o
        18          0          0          0          0         76   isspace.o
        44         10        272          0          0         76   lc_ctype_c.o
        44         10         28          0          0         76   lc_numeric_c.o
         2          0          0          0          0          0   libinit.o
        30          0          0          0          0          0   libinit2.o
         2          0          0          0          0          0   libshutdown.o
         2          0          0          0          0          0   libshutdown2.o
         8          4          0          0         96         68   libspace.o
        38          0          0          0          0         68   llshl.o
        16          4          0          0          0         76   rt_ctype_table.o
         8          4          0          0          0         68   rt_errno_addr_intlibspace.o
         8          4          0          0          0         68   rt_locale_intlibspace.o
         2          0          0          0          0          0   rtexit.o
        10          0          0          0          0          0   rtexit2.o
      1286         16          0          0          0        236   scanf_fp.o
       800         14          0          0          0        100   scanf_hexfp.o
       308         16          0          0          0        100   scanf_infnan.o
       128          0          0          0          0         68   strcmpv7m.o
       164         14          0          0          0        120   strtod.o
        74          0          0          0          0         80   sys_stackheap_outer.o
         2          0          0          0          0         68   use_no_semi.o
         2          0          0          0          0         68   use_no_semi_2.o
        98          4          0          0          0         92   d2f.o
       804         16          0          0          0        272   daddsub_clz.o
        16          4          0          0          0         68   dcheck1.o
        24          0          0          0          0         68   dcmpi.o
       688        140          0          0          0        208   ddiv.o
       120          4          0          0          0         92   deqf.o
        84          0          0          0          0        136   dflt_clz.o
       120          4          0          0          0         92   dleqf.o
       340         12          0          0          0        104   dmul.o
       156          4          0          0          0         92   dnaninf.o
        12          0          0          0          0         68   dretinf.o
       108          0          0          0          0         80   drleqf.o
        86          4          0          0          0         84   f2d.o
       450          8          0          0          0        236   faddsub_clz.o
        24          0          0          0          0         68   fcmpi.o
       388         76          0          0          0         96   fdiv.o
       104          4          0          0          0         84   feqf.o
        54          4          0          0          0         84   ffix.o
        62          4          0          0          0         84   ffixu.o
        86          0          0          0          0        136   fflt_clz.o
       104          4          0          0          0         84   fleqf.o
       258          4          0          0          0         84   fmul.o
       140          4          0          0          0         84   fnaninf.o
         0          0         16          0          0          0   fpconst.o
        10          0          0          0          0         68   fretinf.o
        98          0          0          0          0         68   frleqf.o
         6          0          0          0          0         68   istatus.o
       100          0          0          0          0         68   retnan.o
        92          0          0          0          0         68   scalbn.o
         4          0          0          0          0         68   scanf1.o
         8          0          0          0          0         84   scanf2.o
        48          0          0          0          0         68   trapv.o
         0          0          0          0          0          0   usenofp.o
        42          0          0          0          0         84   atof.o
        30          6          0          0          0        136   dunder.o
        88          8          0          0          0         76   frexp.o
       138          0          0          0          0        160   ldexp.o
       204          4          0          0          0        168   narrow.o

    ----------------------------------------------------------------------
     10638        564        464          0         96       6500   Library Totals
        26          2          0          0          0          0   (incl. Padding)

    ----------------------------------------------------------------------

      Code (inc. data)   RO Data    RW Data    ZI Data      Debug   Library Name

      5418        244        448          0         96       2820   c_w.l
      4692        300         16          0          0       3056   fz_ws.l
       502         18          0          0          0        624   m_ws.l

    ----------------------------------------------------------------------
     10638        564        464          0         96       6500   Library Totals

    ----------------------------------------------------------------------

==============================================================================


      Code (inc. data)   RO Data    RW Data    ZI Data      Debug   

     15620        932        732         60       1988     241950   Grand Totals
     15620        932        732         60       1988     241950   ELF Image Totals
     15620        932        732         60          0          0   ROM Totals

==============================================================================

    Total RO  Size (Code + RO Data)                16352 (  15.97kB)
    Total RW  Size (RW Data + ZI Data)              2048 (   2.00kB)
    Total ROM Size (Code + RO Data + RW Data)      16412 (  16.03kB)

==============================================================================

